Component: ARM Compiler 5.06 update 6 (build 750) Tool: armlink [4d35ed]

==============================================================================

Section Cross References

    main.o(.text) refers to misc.o(.text) for NVIC_PriorityGroupConfig
    main.o(.text) refers to delay.o(.text) for delay_init
    main.o(.text) refers to usart.o(.text) for Usart1_Init
    main.o(.text) refers to beep.o(.text) for BEEP_Init
    main.o(.text) refers to esp8266.o(.text) for ESP8266_Init
    main.o(.text) refers to onenet.o(.text) for OneNet_DevLink
    system_stm32f10x.o(.text) refers to system_stm32f10x.o(.data) for SystemCoreClock
    led.o(.text) refers to stm32f10x_rcc.o(.text) for RCC_APB2PeriphClockCmd
    led.o(.text) refers to stm32f10x_gpio.o(.text) for GPIO_Init
    beep.o(.text) refers to stm32f10x_rcc.o(.text) for RCC_APB2PeriphClockCmd
    beep.o(.text) refers to stm32f10x_gpio.o(.text) for GPIO_Init
    bh1750.o(.text) refers to stm32f10x_rcc.o(.text) for RCC_APB2PeriphClockCmd
    bh1750.o(.text) refers to stm32f10x_gpio.o(.text) for GPIO_Init
    bh1750.o(.text) refers to ffltui.o(.text) for __aeabi_ui2f
    bh1750.o(.text) refers to fdiv.o(.text) for __aeabi_fdiv
    bh1750.o(.text) refers to fmul.o(.text) for __aeabi_fmul
    dht11.o(.text) refers to delay.o(.text) for delay_ms
    dht11.o(.text) refers to stm32f10x_rcc.o(.text) for RCC_APB2PeriphClockCmd
    dht11.o(.text) refers to stm32f10x_gpio.o(.text) for GPIO_Init
    key.o(.text) refers to stm32f10x_rcc.o(.text) for RCC_APB2PeriphClockCmd
    key.o(.text) refers to stm32f10x_gpio.o(.text) for GPIO_Init
    key.o(.text) refers to delay.o(.text) for delay_ms
    key.o(.text) refers to key.o(.data) for key_up
    delay.o(.text) refers to misc.o(.text) for SysTick_CLKSourceConfig
    delay.o(.text) refers to system_stm32f10x.o(.data) for SystemCoreClock
    delay.o(.text) refers to delay.o(.data) for fac_us
    usart.o(.text) refers to stm32f10x_rcc.o(.text) for RCC_APB2PeriphClockCmd
    usart.o(.text) refers to stm32f10x_gpio.o(.text) for GPIO_Init
    usart.o(.text) refers to stm32f10x_usart.o(.text) for USART_Init
    usart.o(.text) refers to misc.o(.text) for NVIC_Init
    usart.o(.text) refers to printfa.o(i.__0vsnprintf) for __c89vsnprintf
    exti.o(.text) refers to stm32f10x_rcc.o(.text) for RCC_APB2PeriphClockCmd
    exti.o(.text) refers to key.o(.text) for KEY_Init
    exti.o(.text) refers to stm32f10x_gpio.o(.text) for GPIO_EXTILineConfig
    exti.o(.text) refers to stm32f10x_exti.o(.text) for EXTI_Init
    exti.o(.text) refers to misc.o(.text) for NVIC_Init
    exti.o(.text) refers to delay.o(.text) for delay_ms
    exti.o(.text) refers to exti.o(.data) for alarmFlag
    startup_stm32f10x_hd.o(RESET) refers to startup_stm32f10x_hd.o(STACK) for __initial_sp
    startup_stm32f10x_hd.o(RESET) refers to startup_stm32f10x_hd.o(.text) for Reset_Handler
    startup_stm32f10x_hd.o(RESET) refers to stm32f10x_it.o(.text) for NMI_Handler
    startup_stm32f10x_hd.o(RESET) refers to exti.o(.text) for EXTI0_IRQHandler
    startup_stm32f10x_hd.o(RESET) refers to usart.o(.text) for USART1_IRQHandler
    startup_stm32f10x_hd.o(RESET) refers to esp8266.o(.text) for USART2_IRQHandler
    startup_stm32f10x_hd.o(.text) refers to system_stm32f10x.o(.text) for SystemInit
    startup_stm32f10x_hd.o(.text) refers to entry.o(.ARM.Collect$$$$00000000) for __main
    stm32f10x_gpio.o(.text) refers to stm32f10x_rcc.o(.text) for RCC_APB2PeriphResetCmd
    stm32f10x_rcc.o(.text) refers to stm32f10x_rcc.o(.data) for APBAHBPrescTable
    stm32f10x_usart.o(.text) refers to stm32f10x_rcc.o(.text) for RCC_APB2PeriphResetCmd
    stm32f10x_tim.o(.text) refers to stm32f10x_rcc.o(.text) for RCC_APB2PeriphResetCmd
    esp8266.o(.text) refers to memseta.o(.text) for __aeabi_memclr
    esp8266.o(.text) refers to strlen.o(.text) for strlen
    esp8266.o(.text) refers to usart.o(.text) for Usart_SendString
    esp8266.o(.text) refers to strstr.o(.text) for strstr
    esp8266.o(.text) refers to delay.o(.text) for delay_ms
    esp8266.o(.text) refers to printfa.o(i.__0sprintf) for __2sprintf
    esp8266.o(.text) refers to strchr.o(.text) for strchr
    esp8266.o(.text) refers to stm32f10x_usart.o(.text) for USART_GetITStatus
    esp8266.o(.text) refers to esp8266.o(.bss) for esp8266_buf
    esp8266.o(.text) refers to esp8266.o(.data) for esp8266_cnt
    mqttkit.o(.text) refers to malloc.o(i.malloc) for malloc
    mqttkit.o(.text) refers to malloc.o(i.free) for free
    mqttkit.o(.text) refers to strstr.o(.text) for strstr
    mqttkit.o(.text) refers to strlen.o(.text) for strlen
    mqttkit.o(.text) refers to memseta.o(.text) for __aeabi_memclr
    mqttkit.o(.text) refers to strncat.o(.text) for strncat
    mqttkit.o(.text) refers to memcpya.o(.text) for __aeabi_memcpy
    mqttkit.o(.text) refers to printfa.o(i.__0sprintf) for __2sprintf
    mqttkit.o(.text) refers to strchr.o(.text) for strchr
    onenet.o(.text) refers to printfa.o(i.__0sprintf) for __2sprintf
[...]
    malloca.o(i.__free$memalign) refers to mvars.o(.data) for __microlib_freelist
    malloca.o(i.__malloc$memalign) refers to malloca.o(i.__aligned_malloc) for __aligned_malloc
    mallocra.o(i.__aligned_malloc$realloc) refers to mallocra.o(i.internal_alloc) for internal_alloc
    mallocra.o(i.__aligned_malloc$realloc) refers to mvars.o(.data) for __microlib_freelist_initialised
    mallocra.o(i.__aligned_malloc$realloc) refers to startup_stm32f10x_hd.o(HEAP) for __heap_base
    mallocra.o(i.__aligned_malloc$realloc) refers to mvars.o(.data) for __microlib_freelist
    mallocra.o(i.__free$realloc$memalign) refers to mvars.o(.data) for __microlib_freelist
    mallocra.o(i.__malloc$realloc$memalign) refers to mallocra.o(i.__aligned_malloc$realloc) for __aligned_malloc$realloc
    mallocra.o(i.__realloc$memalign) refers to mallocra.o(i.__free$realloc$memalign) for __free$realloc$memalign
    mallocra.o(i.__realloc$memalign) refers to mallocra.o(i.internal_alloc) for internal_alloc
    mallocra.o(i.__realloc$memalign) refers to mallocra.o(i.__malloc$realloc$memalign) for __malloc$realloc$memalign
    mallocra.o(i.__realloc$memalign) refers to mvars.o(.data) for __microlib_freelist
    mallocra.o(i.internal_alloc) refers to memcpya.o(.text) for __aeabi_memcpy
    mallocra.o(i.internal_alloc) refers to mvars.o(.data) for __microlib_freelist
    atoi.o(.text) refers to errno.o(i.__aeabi_errno_addr) for __aeabi_errno_addr
    atoi.o(.text) refers to strtol.o(.text) for strtol
    fmul.o(.text) refers (Special) to iusefp.o(.text) for __I$use$fp
    fdiv.o(.text) refers (Special) to iusefp.o(.text) for __I$use$fp
    fdiv.o(.text) refers to fepilogue.o(.text) for _float_round
    dadd.o(.text) refers (Special) to iusefp.o(.text) for __I$use$fp
    dadd.o(.text) refers to llshl.o(.text) for __aeabi_llsl
    dadd.o(.text) refers to llsshr.o(.text) for __aeabi_lasr
    dadd.o(.text) refers to depilogue.o(.text) for _double_epilogue
    dmul.o(.text) refers (Special) to iusefp.o(.text) for __I$use$fp
    dmul.o(.text) refers to depilogue.o(.text) for _double_epilogue
    ffltui.o(.text) refers (Special) to iusefp.o(.text) for __I$use$fp
    ffltui.o(.text) refers to fepilogue.o(.text) for _float_epilogue
    dflti.o(.text) refers (Special) to iusefp.o(.text) for __I$use$fp
    dflti.o(.text) refers to depilogue.o(.text) for _double_epilogue
    dfixi.o(.text) refers (Special) to iusefp.o(.text) for __I$use$fp
    dfixi.o(.text) refers to llushr.o(.text) for __aeabi_llsr
    f2d.o(.text) refers (Special) to iusefp.o(.text) for __I$use$fp
    cdcmple.o(.text) refers (Special) to iusefp.o(.text) for __I$use$fp
    cdrcmple.o(.text) refers (Special) to iusefp.o(.text) for __I$use$fp
    dunder.o(i.__mathlib_dbl_divzero) refers to ddiv.o(.text) for __aeabi_ddiv
    dunder.o(i.__mathlib_dbl_infnan) refers to dscalb.o(.text) for __ARM_scalbn
    dunder.o(i.__mathlib_dbl_infnan2) refers to dadd.o(.text) for __aeabi_dadd
    dunder.o(i.__mathlib_dbl_invalid) refers to ddiv.o(.text) for __aeabi_ddiv
    dunder.o(i.__mathlib_dbl_overflow) refers to dscalb.o(.text) for __ARM_scalbn
    dunder.o(i.__mathlib_dbl_posinfnan) refers to dmul.o(.text) for __aeabi_dmul
    dunder.o(i.__mathlib_dbl_underflow) refers to dscalb.o(.text) for __ARM_scalbn
    fpclassify.o(i.__ARM_fpclassify) refers (Special) to iusefp.o(.text) for __I$use$fp
    poly.o(i.__kernel_poly) refers (Special) to iusefp.o(.text) for __I$use$fp
    poly.o(i.__kernel_poly) refers to dmul.o(.text) for __aeabi_dmul
    poly.o(i.__kernel_poly) refers to dadd.o(.text) for __aeabi_dadd
    qnan.o(.constdata) refers (Special) to iusefp.o(.text) for __I$use$fp
    sqrt.o(i.__softfp_sqrt) refers (Special) to iusefp.o(.text) for __I$use$fp
    sqrt.o(i.__softfp_sqrt) refers to dsqrt.o(.text) for _dsqrt
    sqrt.o(i.__softfp_sqrt) refers to errno.o(i.__set_errno) for __set_errno
    sqrt.o(i.sqrt) refers (Special) to iusefp.o(.text) for __I$use$fp
    sqrt.o(i.sqrt) refers to dsqrt.o(.text) for _dsqrt
    sqrt.o(i.sqrt) refers to errno.o(i.__set_errno) for __set_errno
    sqrt_x.o(i.____softfp_sqrt$lsc) refers (Special) to iusefp.o(.text) for __I$use$fp
    sqrt_x.o(i.____softfp_sqrt$lsc) refers to cdcmple.o(.text) for __aeabi_cdcmple
    sqrt_x.o(i.____softfp_sqrt$lsc) refers to errno.o(i.__set_errno) for __set_errno
    sqrt_x.o(i.____softfp_sqrt$lsc) refers to dsqrt.o(.text) for _dsqrt
    sqrt_x.o(i.__sqrt$lsc) refers (Special) to iusefp.o(.text) for __I$use$fp
    sqrt_x.o(i.__sqrt$lsc) refers to cdcmple.o(.text) for __aeabi_cdcmple
    sqrt_x.o(i.__sqrt$lsc) refers to errno.o(i.__set_errno) for __set_errno
    sqrt_x.o(i.__sqrt$lsc) refers to dsqrt.o(.text) for _dsqrt
    entry2.o(.ARM.Collect$$$$00000001) refers to entry2.o(.ARM.Collect$$$$00002712) for __lit__00000000
    entry2.o(.ARM.Collect$$$$00002712) refers to startup_stm32f10x_hd.o(STACK) for __initial_sp
    entry2.o(__vectab_stack_and_reset_area) refers to startup_stm32f10x_hd.o(STACK) for __initial_sp
    entry2.o(__vectab_stack_and_reset_area) refers to entry.o(.ARM.Collect$$$$00000000) for __main
    entry5.o(.ARM.Collect$$$$00000004) refers to init.o(.text) for __scatterload
    entry9a.o(.ARM.Collect$$$$0000000B) refers to main.o(.text) for main
    entry9b.o(.ARM.Collect$$$$0000000C) refers to main.o(.text) for main
    fputc.o(i.fputc) refers (Special) to iusesemip.o(.text) for __I$use$semihosting$fputc
    fputc.o(i.fputc) refers (Special) to semi.o(.text) for __semihosting_library_function
    uldiv.o(.text) refers to llushr.o(.text) for __aeabi_llsr
    uldiv.o(.text) refers to llshl.o(.text) for __aeabi_llsl
    errno.o(i.__aeabi_errno_addr) refers to errno.o(.data) for .data
    errno.o(i.__read_errno) refers to errno.o(.data) for .data
    errno.o(i.__set_errno) refers to errno.o(.data) for .data
    strtol.o(.text) refers to ctype_o.o(.text) for __rt_ctype_table
    strtol.o(.text) refers to _strtoul.o(.text) for _strtoul
    strtol.o(.text) refers to errno.o(i.__aeabi_errno_addr) for __aeabi_errno_addr
    depilogue.o(.text) refers to llshl.o(.text) for __aeabi_llsl
    depilogue.o(.text) refers to llushr.o(.text) for __aeabi_llsr
    ddiv.o(.text) refers to depilogue.o(.text) for _double_round
    dfixul.o(.text) refers to llushr.o(.text) for __aeabi_llsr
    dfixul.o(.text) refers to llshl.o(.text) for __aeabi_llsl
    init.o(.text) refers to entry5.o(.ARM.Collect$$$$00000004) for __main_after_scatterload
    ctype_o.o(.text) refers to ctype_o.o(.constdata) for .constdata
    ctype_o.o(.constdata) refers to ctype_o.o(.constdata) for __ctype_table
    isalnum_o.o(.text) refers to ctype_o.o(.text) for __rt_ctype_table
    isalpha_o.o(.text) refers to ctype_o.o(.text) for __rt_ctype_table
    isblank_o.o(.text) refers to ctype_o.o(.constdata) for __ctype_table
    iscntrl_o.o(.text) refers to ctype_o.o(.text) for __rt_ctype_table
    isdigit_o.o(.text) refers to ctype_o.o(.text) for __rt_ctype_table
    isgraph_o.o(.text) refers to ctype_o.o(.text) for __rt_ctype_table
    islower_o.o(.text) refers to ctype_o.o(.text) for __rt_ctype_table
    isprint_o.o(.text) refers to ctype_o.o(.text) for __rt_ctype_table
    ispunct_o.o(.text) refers to ctype_o.o(.text) for __rt_ctype_table
    isspace_o.o(.text) refers to ctype_o.o(.text) for __rt_ctype_table
    isupper_o.o(.text) refers to ctype_o.o(.text) for __rt_ctype_table
    isxdigit_o.o(.text) refers to ctype_o.o(.text) for __rt_ctype_table
    _strtoul.o(.text) refers to _chval.o(.text) for _chval
    _strtoul.o(.text) refers to errno.o(i.__aeabi_errno_addr) for __aeabi_errno_addr
    dsqrt.o(.text) refers to llushr.o(.text) for __aeabi_llsr
    dsqrt.o(.text) refers to depilogue.o(.text) for _double_round


==============================================================================

Removing Unused input sections from the image.

    Removing main.o(.data), (1 bytes).
    Removing led.o(.text), (80 bytes).
    Removing bh1750.o(.text), (632 bytes).
    Removing dht11.o(.text), (436 bytes).
    Removing sys.o(.emb_text), (6 bytes).
    Removing sys.o(.text), (12 bytes).
    Removing core_cm3.o(.emb_text), (32 bytes).
    Removing stm32f10x_tim.o(.text), (3610 bytes).
    Removing fmul.o(.text), (100 bytes).
    Removing fdiv.o(.text), (124 bytes).
    Removing ffltui.o(.text), (10 bytes).
    Removing fepilogue.o(.text), (110 bytes).

12 unused section(s) (total 5153 bytes) removed from the image.

==============================================================================

Image Symbol Table

    Local Symbols

    Symbol Name                              Value     Ov Type        Size  Object(Section)

    ../clib/microlib/ctype/ctype.c           0x00000000   Number         0  isblank_o.o ABSOLUTE
    ../clib/microlib/ctype/ctype.c           0x00000000   Number         0  isspace_o.o ABSOLUTE
    ../clib/microlib/ctype/ctype.c           0x00000000   Number         0  isgraph_o.o ABSOLUTE
    ../clib/microlib/ctype/ctype.c           0x00000000   Number         0  ispunct_o.o ABSOLUTE
    ../clib/microlib/ctype/ctype.c           0x00000000   Number         0  isdigit_o.o ABSOLUTE
    ../clib/microlib/ctype/ctype.c           0x00000000   Number         0  isprint_o.o ABSOLUTE
    ../clib/microlib/ctype/ctype.c           0x00000000   Number         0  iscntrl_o.o ABSOLUTE
    ../clib/microlib/ctype/ctype.c           0x00000000   Number         0  islower_o.o ABSOLUTE
    ../clib/microlib/ctype/ctype.c           0x00000000   Number         0  isxdigit_o.o ABSOLUTE
    ../clib/microlib/ctype/ctype.c           0x00000000   Number         0  isalnum_o.o ABSOLUTE
    ../clib/microlib/ctype/ctype.c           0x00000000   Number         0  ctype_o.o ABSOLUTE
    ../clib/microlib/ctype/ctype.c           0x00000000   Number         0  isalpha_o.o ABSOLUTE
    ../clib/microlib/ctype/ctype.c           0x00000000   Number         0  isupper_o.o ABSOLUTE
    ../clib/microlib/ctype/tolower.c         0x00000000   Number         0  tolower.o ABSOLUTE
    ../clib/microlib/division.c              0x00000000   Number         0  uidiv.o ABSOLUTE
    ../clib/microlib/division.c              0x00000000   Number         0  uldiv.o ABSOLUTE
    ../clib/microlib/errno.c                 0x00000000   Number         0  errno.o ABSOLUTE
    ../clib/microlib/init/entry.s            0x00000000   Number         0  entry2.o ABSOLUTE
    ../clib/microlib/init/entry.s            0x00000000   Number         0  entry11b.o ABSOLUTE
    ../clib/microlib/init/entry.s            0x00000000   Number         0  entry5.o ABSOLUTE
    ../clib/microlib/init/entry.s            0x00000000   Number         0  entry11a.o ABSOLUTE
    ../clib/microlib/init/entry.s            0x00000000   Number         0  entry9a.o ABSOLUTE
    ../clib/microlib/init/entry.s            0x00000000   Number         0  entry7b.o ABSOLUTE
    ../clib/microlib/init/entry.s            0x00000000   Number         0  entry8b.o ABSOLUTE
    ../clib/microlib/init/entry.s            0x00000000   Number         0  entry10a.o ABSOLUTE
    ../clib/microlib/init/entry.s            0x00000000   Number         0  entry8a.o ABSOLUTE
    ../clib/microlib/init/entry.s            0x00000000   Number         0  entry9b.o ABSOLUTE
    ../clib/microlib/init/entry.s            0x00000000   Number         0  entry.o ABSOLUTE
    ../clib/microlib/init/entry.s            0x00000000   Number         0  entry7a.o ABSOLUTE
    ../clib/microlib/init/entry.s            0x00000000   Number         0  entry10b.o ABSOLUTE
    ../clib/microlib/longlong.c              0x00000000   Number         0  llsshr.o ABSOLUTE
    ../clib/microlib/longlong.c              0x00000000   Number         0  llshl.o ABSOLUTE
    ../clib/microlib/longlong.c              0x00000000   Number         0  llushr.o ABSOLUTE
    ../clib/microlib/malloc/malloc.c         0x00000000   Number         0  malloca.o ABSOLUTE
    ../clib/microlib/malloc/malloc.c         0x00000000   Number         0  mallocra.o ABSOLUTE
    ../clib/microlib/malloc/malloc.c         0x00000000   Number         0  malloc.o ABSOLUTE
    ../clib/microlib/malloc/malloc.c         0x00000000   Number         0  mallocr.o ABSOLUTE
    ../clib/microlib/malloc/mvars.c          0x00000000   Number         0  mvars.o ABSOLUTE
    ../clib/microlib/printf/printf.c         0x00000000   Number         0  printfb.o ABSOLUTE
    ../clib/microlib/printf/printf.c         0x00000000   Number         0  printf1.o ABSOLUTE
    ../clib/microlib/printf/printf.c         0x00000000   Number         0  printf2.o ABSOLUTE
    ../clib/microlib/printf/printf.c         0x00000000   Number         0  printf4.o ABSOLUTE
    ../clib/microlib/printf/printf.c         0x00000000   Number         0  printf6.o ABSOLUTE
    ../clib/microlib/printf/printf.c         0x00000000   Number         0  printf7.o ABSOLUTE
    ../clib/microlib/printf/printf.c         0x00000000   Number         0  printf8.o ABSOLUTE
    ../clib/microlib/printf/printf.c         0x00000000   Number         0  printfa.o ABSOLUTE
    ../clib/microlib/printf/printf.c         0x00000000   Number         0  printf3.o ABSOLUTE
    ../clib/microlib/printf/printf.c         0x00000000   Number         0  printf5.o ABSOLUTE
    ../clib/microlib/printf/printf.c         0x00000000   Number         0  printf0.o ABSOLUTE
    ../clib/microlib/printf/stubs.s          0x00000000   Number         0  stubs.o ABSOLUTE
    ../clib/microlib/stdio/fputc.c           0x00000000   Number         0  fputc.o ABSOLUTE
    ../clib/microlib/stdio/semi.s            0x00000000   Number         0  semi.o ABSOLUTE
    ../clib/microlib/stdio/streams.c         0x00000000   Number         0  stdout.o ABSOLUTE
    ../clib/microlib/string/memcpy.c         0x00000000   Number         0  memcpyb.o ABSOLUTE
    ../clib/microlib/string/memcpy.c         0x00000000   Number         0  memcpya.o ABSOLUTE
    ../clib/microlib/string/memset.c         0x00000000   Number         0  memseta.o ABSOLUTE
    ../clib/microlib/string/strchr.c         0x00000000   Number         0  strchr.o ABSOLUTE
    ../clib/microlib/string/strcpy.c         0x00000000   Number         0  strcpy.o ABSOLUTE
    ../clib/microlib/string/strlen.c         0x00000000   Number         0  strlen.o ABSOLUTE
    ../clib/microlib/string/strncat.c        0x00000000   Number         0  strncat.o ABSOLUTE
    ../clib/microlib/string/strncmp.c        0x00000000   Number         0  strncmp.o ABSOLUTE
    ../clib/microlib/string/strstr.c         0x00000000   Number         0  strstr.o ABSOLUTE
    ../clib/microlib/stubs.s                 0x00000000   Number         0  iusefp.o ABSOLUTE
    ../clib/microlib/stubs.s                 0x00000000   Number         0  iusesemip.o ABSOLUTE
    ../clib/scanf.c                          0x00000000   Number         0  atoi.o ABSOLUTE
    ../clib/scanf.c                          0x00000000   Number         0  _strtoul.o ABSOLUTE
    ../clib/scanf.c                          0x00000000   Number         0  strtol.o ABSOLUTE
    ../clib/scanf.c                          0x00000000   Number         0  _chval.o ABSOLUTE
    ../fplib/microlib/f2d.c                  0x00000000   Number         0  f2d.o ABSOLUTE
    ../fplib/microlib/fpadd.c                0x00000000   Number         0  dadd.o ABSOLUTE
    ../fplib/microlib/fpdiv.c                0x00000000   Number         0  fdiv.o ABSOLUTE
    ../fplib/microlib/fpdiv.c                0x00000000   Number         0  ddiv.o ABSOLUTE
    ../fplib/microlib/fpepilogue.c           0x00000000   Number         0  depilogue.o ABSOLUTE
    ../fplib/microlib/fpepilogue.c           0x00000000   Number         0  fepilogue.o ABSOLUTE
    ../fplib/microlib/fpfix.c                0x00000000   Number         0  dfixul.o ABSOLUTE
    ../fplib/microlib/fpfix.c                0x00000000   Number         0  dfixi.o ABSOLUTE
    ../fplib/microlib/fpflt.c                0x00000000   Number         0  ffltui.o ABSOLUTE
    ../fplib/microlib/fpflt.c                0x00000000   Number         0  dflti.o ABSOLUTE
    ../fplib/microlib/fpmul.c                0x00000000   Number         0  dmul.o ABSOLUTE
    ../fplib/microlib/fpmul.c                0x00000000   Number         0  fmul.o ABSOLUTE
    ../fplib/microlib/fpscalb.c              0x00000000   Number         0  dscalb.o ABSOLUTE
    ../fplib/microlib/fpsqrt.c               0x00000000   Number         0  dsqrt.o ABSOLUTE
    ../mathlib/dunder.c                      0x00000000   Number         0  dunder.o ABSOLUTE
    ../mathlib/floor.c                       0x00000000   Number         0  floor.o ABSOLUTE
    ../mathlib/fpclassify.c                  0x00000000   Number         0  fpclassify.o ABSOLUTE
    ../mathlib/poly.c                        0x00000000   Number         0  poly.o ABSOLUTE
    ../mathlib/pow.c                         0x00000000   Number         0  pow.o ABSOLUTE
    ../mathlib/pow.c                         0x00000000   Number         0  pow_x.o ABSOLUTE
    ../mathlib/qnan.c                        0x00000000   Number         0  qnan.o ABSOLUTE
    ../mathlib/sqrt.c                        0x00000000   Number         0  sqrt.o ABSOLUTE
    ../mathlib/sqrt.c                        0x00000000   Number         0  sqrt_x.o ABSOLUTE
    ..\CORE\core_cm3.c                       0x00000000   Number         0  core_cm3.o ABSOLUTE
    ..\CORE\startup_stm32f10x_hd.s           0x00000000   Number         0  startup_stm32f10x_hd.o ABSOLUTE
    ..\HARDWARE\BEEP\beep.c                  0x00000000   Number         0  beep.o ABSOLUTE
    ..\HARDWARE\BH1750\bh1750.c              0x00000000   Number         0  bh1750.o ABSOLUTE
    ..\HARDWARE\DHT11\dht11.c                0x00000000   Number         0  dht11.o ABSOLUTE
    ..\HARDWARE\KEY\key.c                    0x00000000   Number         0  key.o ABSOLUTE
    ..\HARDWARE\LED\led.c                    0x00000000   Number         0  led.o ABSOLUTE
    ..\NET\MQTT\MqttKit.c                    0x00000000   Number         0  mqttkit.o ABSOLUTE
    ..\NET\cJSON\cJSON.c                     0x00000000   Number         0  cjson.o ABSOLUTE
    ..\NET\device\esp8266.c                  0x00000000   Number         0  esp8266.o ABSOLUTE
    ..\NET\onenet\onenet.c                   0x00000000   Number         0  onenet.o ABSOLUTE
    ..\STM32F10x_FWLib\src\misc.c            0x00000000   Number         0  misc.o ABSOLUTE
    ..\STM32F10x_FWLib\src\stm32f10x_exti.c  0x00000000   Number         0  stm32f10x_exti.o ABSOLUTE
    ..\STM32F10x_FWLib\src\stm32f10x_gpio.c  0x00000000   Number         0  stm32f10x_gpio.o ABSOLUTE
    ..\STM32F10x_FWLib\src\stm32f10x_rcc.c   0x00000000   Number         0  stm32f10x_rcc.o ABSOLUTE
    ..\STM32F10x_FWLib\src\stm32f10x_tim.c   0x00000000   Number         0  stm32f10x_tim.o ABSOLUTE
    ..\STM32F10x_FWLib\src\stm32f10x_usart.c 0x00000000   Number         0  stm32f10x_usart.o ABSOLUTE
    ..\SYSTEM\EXTI\exti.c                    0x00000000   Number         0  exti.o ABSOLUTE
    ..\SYSTEM\delay\delay.c                  0x00000000   Number         0  delay.o ABSOLUTE
    ..\SYSTEM\sys\sys.c                      0x00000000   Number         0  sys.o ABSOLUTE
    ..\SYSTEM\usart\usart.c                  0x00000000   Number         0  usart.o ABSOLUTE
    ..\\CORE\\core_cm3.c                     0x00000000   Number         0  core_cm3.o ABSOLUTE
    ..\\SYSTEM\\sys\\sys.c                   0x00000000   Number         0  sys.o ABSOLUTE
    cdcmple.s                                0x00000000   Number         0  cdcmple.o ABSOLUTE
    cdrcmple.s                               0x00000000   Number         0  cdrcmple.o ABSOLUTE
    dc.s                                     0x00000000   Number         0  dc.o ABSOLUTE
    handlers.s                               0x00000000   Number         0  handlers.o ABSOLUTE
    init.s                                   0x00000000   Number         0  init.o ABSOLUTE
    main.c                                   0x00000000   Number         0  main.o ABSOLUTE
    stm32f10x_it.c                           0x00000000   Number         0  stm32f10x_it.o ABSOLUTE
    system_stm32f10x.c                       0x00000000   Number         0  system_stm32f10x.o ABSOLUTE
    RESET                                    0x08000000   Section      304  startup_stm32f10x_hd.o(RESET)
    .ARM.Collect$$$$00000000                 0x08000130   Section        0  entry.o(.ARM.Collect$$$$00000000)
    .ARM.Collect$$$$00000001                 0x08000130   Section        4  entry2.o(.ARM.Collect$$$$00000001)
    .ARM.Collect$$$$00000004                 0x08000134   Section        4  entry5.o(.ARM.Collect$$$$00000004)
    .ARM.Collect$$$$00000008                 0x08000138   Section        0  entry7b.o(.ARM.Collect$$$$00000008)
    .ARM.Collect$$$$0000000A                 0x08000138   Section        0  entry8b.o(.ARM.Collect$$$$0000000A)
    .ARM.Collect$$$$0000000B                 0x08000138   Section        8  entry9a.o(.ARM.Collect$$$$0000000B)
    .ARM.Collect$$$$0000000D                 0x08000140   Section        0  entry10a.o(.ARM.Collect$$$$0000000D)
    .ARM.Collect$$$$0000000F                 0x08000140   Section        0  entry11a.o(.ARM.Collect$$$$0000000F)
    .ARM.Collect$$$$00002712                 0x08000140   Section        4  entry2.o(.ARM.Collect$$$$00002712)
    __lit__00000000                          0x08000140   Data           4  entry2.o(.ARM.Collect$$$$00002712)
    .text                                    0x08000144   Section        0  main.o(.text)
    .text                                    0x080001a0   Section        0  stm32f10x_it.o(.text)
    .text                                    0x080001bc   Section        0  system_stm32f10x.o(.text)
    SetSysClockTo72                          0x080001bd   Thumb Code   214  system_stm32f10x.o(.text)
    SetSysClock                              0x08000293   Thumb Code     8  system_stm32f10x.o(.text)
    .text                                    0x0800039c   Section        0  beep.o(.text)
    .text                                    0x080003c8   Section        0  key.o(.text)
    .text                                    0x08000464   Section        0  delay.o(.text)
    .text                                    0x08000538   Section        0  usart.o(.text)
    .text                                    0x08000784   Section        0  exti.o(.text)
    .text                                    0x08000878   Section       36  startup_stm32f10x_hd.o(.text)
    .text                                    0x0800089c   Section        0  stm32f10x_gpio.o(.text)
    .text                                    0x08000bf8   Section        0  stm32f10x_rcc.o(.text)
    .text                                    0x08000f9c   Section        0  stm32f10x_usart.o(.text)
    .text                                    0x080013a4   Section        0  misc.o(.text)
    .text                                    0x08001480   Section        0  stm32f10x_exti.o(.text)
    .text                                    0x0800159c   Section        0  esp8266.o(.text)
    .text                                    0x0800196c   Section        0  mqttkit.o(.text)
    .text                                    0x08002750   Section        0  onenet.o(.text)
    .text                                    0x08002e8c   Section        0  cjson.o(.text)
    cJSON_strcasecmp                         0x08002e93   Thumb Code    76  cjson.o(.text)
    cJSON_strdup                             0x08002edf   Thumb Code    40  cjson.o(.text)
    cJSON_New_Item                           0x08002f37   Thumb Code    26  cjson.o(.text)
    parse_number                             0x08002fa3   Thumb Code   432  cjson.o(.text)
    pow2gt                                   0x08003153   Thumb Code    28  cjson.o(.text)
    ensure                                   0x0800316f   Thumb Code   104  cjson.o(.text)
    update                                   0x080031d7   Thumb Code    32  cjson.o(.text)
    print_number                             0x080031f7   Thumb Code   396  cjson.o(.text)
    parse_hex4                               0x08003383   Thumb Code   276  cjson.o(.text)
    parse_string                             0x08003497   Thumb Code   448  cjson.o(.text)
    print_string_ptr                         0x08003657   Thumb Code   498  cjson.o(.text)
    print_string                             0x08003849   Thumb Code    16  cjson.o(.text)
    skip                                     0x08003859   Thumb Code    18  cjson.o(.text)
    parse_object                             0x0800386b   Thumb Code   270  cjson.o(.text)
    parse_array                              0x08003979   Thumb Code   166  cjson.o(.text)
    parse_value                              0x08003a1f   Thumb Code   158  cjson.o(.text)
    print_object                             0x08003b65   Thumb Code  1052  cjson.o(.text)
    print_array                              0x08003f81   Thumb Code   578  cjson.o(.text)
    print_value                              0x080041c3   Thumb Code   290  cjson.o(.text)
    suffix_object                            0x0800437f   Thumb Code     6  cjson.o(.text)
    create_reference                         0x08004385   Thumb Code    48  cjson.o(.text)
    .text                                    0x0800490c   Section        0  tolower.o(.text)
    .text                                    0x08004918   Section        0  memcpya.o(.text)
    .text                                    0x0800493c   Section        0  memseta.o(.text)
    .text                                    0x08004960   Section        0  strstr.o(.text)
    .text                                    0x08004984   Section        0  strchr.o(.text)
    .text                                    0x08004998   Section        0  strlen.o(.text)
    .text                                    0x080049a6   Section        0  strncat.o(.text)
    .text                                    0x080049ce   Section        0  strcpy.o(.text)
    .text                                    0x080049e0   Section        0  strncmp.o(.text)
    .text                                    0x080049fe   Section        0  atoi.o(.text)
    .text                                    0x08004a18   Section        0  dadd.o(.text)
    .text                                    0x08004b66   Section        0  dmul.o(.text)
    .text                                    0x08004c4a   Section        0  dflti.o(.text)
    .text                                    0x08004c6c   Section        0  dfixi.o(.text)
    .text                                    0x08004caa   Section        0  f2d.o(.text)
    .text                                    0x08004cd0   Section       48  cdcmple.o(.text)
    .text                                    0x08004d00   Section       48  cdrcmple.o(.text)
    .text                                    0x08004d30   Section        0  uidiv.o(.text)
    .text                                    0x08004d5c   Section        0  uldiv.o(.text)
    .text                                    0x08004dbe   Section        0  llshl.o(.text)
    .text                                    0x08004ddc   Section        0  llushr.o(.text)
    .text                                    0x08004dfc   Section        0  llsshr.o(.text)
    .text                                    0x08004e20   Section        0  strtol.o(.text)
    .text                                    0x08004e90   Section        0  depilogue.o(.text)
    .text                                    0x08004e90   Section        0  iusefp.o(.text)
    .text                                    0x08004f4a   Section        0  ddiv.o(.text)
    .text                                    0x08005028   Section        0  dscalb.o(.text)
    .text                                    0x08005056   Section        0  dfixul.o(.text)
    .text                                    0x08005088   Section       36  init.o(.text)
    .text                                    0x080050ac   Section        0  ctype_o.o(.text)
    .text                                    0x080050b4   Section        0  _strtoul.o(.text)
    .text                                    0x08005152   Section        0  dsqrt.o(.text)
    .text                                    0x080051f4   Section        0  _chval.o(.text)
    i.__0sprintf                             0x08005210   Section        0  printfa.o(i.__0sprintf)
    i.__0vsnprintf                           0x08005238   Section        0  printfa.o(i.__0vsnprintf)
    i.__ARM_fpclassify                       0x08005264   Section        0  fpclassify.o(i.__ARM_fpclassify)
    i.__aeabi_errno_addr                     0x0800528c   Section        0  errno.o(i.__aeabi_errno_addr)
    i.__kernel_poly                          0x08005294   Section        0  poly.o(i.__kernel_poly)
    i.__mathlib_dbl_divzero                  0x08005340   Section        0  dunder.o(i.__mathlib_dbl_divzero)
    i.__mathlib_dbl_infnan2                  0x08005350   Section        0  dunder.o(i.__mathlib_dbl_infnan2)
    i.__mathlib_dbl_invalid                  0x08005354   Section        0  dunder.o(i.__mathlib_dbl_invalid)
    i.__mathlib_dbl_overflow                 0x08005360   Section        0  dunder.o(i.__mathlib_dbl_overflow)
    i.__mathlib_dbl_underflow                0x08005370   Section        0  dunder.o(i.__mathlib_dbl_underflow)
    i.__scatterload_copy                     0x08005380   Section       14  handlers.o(i.__scatterload_copy)
    i.__scatterload_null                     0x0800538e   Section        2  handlers.o(i.__scatterload_null)
    i.__scatterload_zeroinit                 0x08005390   Section       14  handlers.o(i.__scatterload_zeroinit)
    i.__set_errno                            0x080053a0   Section        0  errno.o(i.__set_errno)
    i._fp_digits                             0x080053ac   Section        0  printfa.o(i._fp_digits)
    _fp_digits                               0x080053ad   Thumb Code   366  printfa.o(i._fp_digits)
    i._printf_core                           0x08005530   Section        0  printfa.o(i._printf_core)
    _printf_core                             0x08005531   Thumb Code  1744  printfa.o(i._printf_core)
    i._printf_post_padding                   0x08005c0c   Section        0  printfa.o(i._printf_post_padding)
    _printf_post_padding                     0x08005c0d   Thumb Code    36  printfa.o(i._printf_post_padding)
    i._printf_pre_padding                    0x08005c30   Section        0  printfa.o(i._printf_pre_padding)
    _printf_pre_padding                      0x08005c31   Thumb Code    46  printfa.o(i._printf_pre_padding)
    i._snputc                                0x08005c5e   Section        0  printfa.o(i._snputc)
    _snputc                                  0x08005c5f   Thumb Code    22  printfa.o(i._snputc)
    i._sputc                                 0x08005c74   Section        0  printfa.o(i._sputc)
    _sputc                                   0x08005c75   Thumb Code    10  printfa.o(i._sputc)
    i.floor                                  0x08005c80   Section        0  floor.o(i.floor)
    i.free                                   0x08005d5c   Section        0  malloc.o(i.free)
    i.malloc                                 0x08005dac   Section        0  malloc.o(i.malloc)
    i.pow                                    0x08005e18   Section        0  pow.o(i.pow)
    i.sqrt                                   0x080067f0   Section        0  sqrt.o(i.sqrt)
    .constdata                               0x0800683c   Section        7  cjson.o(.constdata)
    firstByteMark                            0x0800683c   Data           7  cjson.o(.constdata)
    .constdata                               0x08006848   Section      136  pow.o(.constdata)
    bp                                       0x08006848   Data          16  pow.o(.constdata)
    dp_h                                     0x08006858   Data          16  pow.o(.constdata)
    dp_l                                     0x08006868   Data          16  pow.o(.constdata)
    L                                        0x08006878   Data          48  pow.o(.constdata)
    P                                        0x080068a8   Data          40  pow.o(.constdata)
    .constdata                               0x080068d0   Section        8  qnan.o(.constdata)
    .constdata                               0x080068d8   Section      129  ctype_o.o(.constdata)
    .constdata                               0x0800695c   Section        4  ctype_o.o(.constdata)
    table                                    0x0800695c   Data           4  ctype_o.o(.constdata)
    .data                                    0x20000000   Section       20  system_stm32f10x.o(.data)
    .data                                    0x20000014   Section        1  key.o(.data)
    key_up                                   0x20000014   Data           1  key.o(.data)
    .data                                    0x20000016   Section        4  delay.o(.data)
    fac_us                                   0x20000016   Data           1  delay.o(.data)
    fac_ms                                   0x20000018   Data           2  delay.o(.data)
    .data                                    0x2000001a   Section        2  exti.o(.data)
    .data                                    0x2000001c   Section       20  stm32f10x_rcc.o(.data)
    APBAHBPrescTable                         0x2000001c   Data          16  stm32f10x_rcc.o(.data)
    ADCPrescTable                            0x2000002c   Data           4  stm32f10x_rcc.o(.data)
    .data                                    0x20000030   Section        5  esp8266.o(.data)
    .data                                    0x20000036   Section        2  onenet.o(.data)
    pkt_id                                   0x20000036   Data           2  onenet.o(.data)
    .data                                    0x20000038   Section       12  cjson.o(.data)
    ep                                       0x20000038   Data           4  cjson.o(.data)
    cJSON_malloc                             0x2000003c   Data           4  cjson.o(.data)
    cJSON_free                               0x20000040   Data           4  cjson.o(.data)
    .data                                    0x20000044   Section        4  mvars.o(.data)
    .data                                    0x20000048   Section        4  mvars.o(.data)
    .data                                    0x2000004c   Section        4  errno.o(.data)
    _errno                                   0x2000004c   Data           4  errno.o(.data)
    .bss                                     0x20000050   Section      128  esp8266.o(.bss)
    HEAP                                     0x200000d0   Section      512  startup_stm32f10x_hd.o(HEAP)
    STACK                                    0x200002d0   Section     1024  startup_stm32f10x_hd.o(STACK)

    Global Symbols

    Symbol Name                              Value     Ov Type        Size  Object(Section)

    BuildAttributes$$THM_ISAv4$P$D$K$B$S$PE$A:L22UL41UL21$X:L11$S22US41US21$IEEE1$IW$USESV6$~STKCKD$USESV7$~SHL$OTIME$ROPI$IEEEX$EBA8$MICROLIB$REQ8$PRES8$EABIv2 0x00000000   Number         0  anon$$obj.o ABSOLUTE
    __ARM_use_no_argv                        0x00000000   Number         0  main.o ABSOLUTE
    _printf_a                                0x00000000   Number         0  stubs.o ABSOLUTE
    _printf_c                                0x00000000   Number         0  stubs.o ABSOLUTE
    _printf_charcount                        0x00000000   Number         0  stubs.o ABSOLUTE
    _printf_d                                0x00000000   Number         0  stubs.o ABSOLUTE
    _printf_e                                0x00000000   Number         0  stubs.o ABSOLUTE
    _printf_f                                0x00000000   Number         0  stubs.o ABSOLUTE
    _printf_flags                            0x00000000   Number         0  stubs.o ABSOLUTE
    _printf_fp_dec                           0x00000000   Number         0  stubs.o ABSOLUTE
    _printf_fp_hex                           0x00000000   Number         0  stubs.o ABSOLUTE
    _printf_g                                0x00000000   Number         0  stubs.o ABSOLUTE
    _printf_i                                0x00000000   Number         0  stubs.o ABSOLUTE
    _printf_int_dec                          0x00000000   Number         0  stubs.o ABSOLUTE
    _printf_l                                0x00000000   Number         0  stubs.o ABSOLUTE
    _printf_lc                               0x00000000   Number         0  stubs.o ABSOLUTE
    _printf_ll                               0x00000000   Number         0  stubs.o ABSOLUTE
    _printf_lld                              0x00000000   Number         0  stubs.o ABSOLUTE
    _printf_lli                              0x00000000   Number         0  stubs.o ABSOLUTE
    _printf_llo                              0x00000000   Number         0  stubs.o ABSOLUTE
    _printf_llu                              0x00000000   Number         0  stubs.o ABSOLUTE
    _printf_llx                              0x00000000   Number         0  stubs.o ABSOLUTE
    _printf_longlong_dec                     0x00000000   Number         0  stubs.o ABSOLUTE
    _printf_longlong_hex                     0x00000000   Number         0  stubs.o ABSOLUTE
    _printf_longlong_oct                     0x00000000   Number         0  stubs.o ABSOLUTE
    _printf_ls                               0x00000000   Number         0  stubs.o ABSOLUTE
    _printf_mbtowc                           0x00000000   Number         0  stubs.o ABSOLUTE
    _printf_n                                0x00000000   Number         0  stubs.o ABSOLUTE
    _printf_o                                0x00000000   Number         0  stubs.o ABSOLUTE
    _printf_p                                0x00000000   Number         0  stubs.o ABSOLUTE
    _printf_percent                          0x00000000   Number         0  stubs.o ABSOLUTE
    _printf_pre_padding                      0x00000000   Number         0  stubs.o ABSOLUTE
    _printf_return_value                     0x00000000   Number         0  stubs.o ABSOLUTE
    _printf_s                                0x00000000   Number         0  stubs.o ABSOLUTE
    _printf_sizespec                         0x00000000   Number         0  stubs.o ABSOLUTE
    _printf_str                              0x00000000   Number         0  stubs.o ABSOLUTE
    _printf_truncate_signed                  0x00000000   Number         0  stubs.o ABSOLUTE
    _printf_truncate_unsigned                0x00000000   Number         0  stubs.o ABSOLUTE
    _printf_u                                0x00000000   Number         0  stubs.o ABSOLUTE
    _printf_wc                               0x00000000   Number         0  stubs.o ABSOLUTE
    _printf_wctomb                           0x00000000   Number         0  stubs.o ABSOLUTE
    _printf_widthprec                        0x00000000   Number         0  stubs.o ABSOLUTE
    _printf_x                                0x00000000   Number         0  stubs.o ABSOLUTE
    __cpp_initialize__aeabi_                  - Undefined Weak Reference
    __cxa_finalize                            - Undefined Weak Reference
    __decompress                              - Undefined Weak Reference
    _clock_init                               - Undefined Weak Reference
    _microlib_exit                            - Undefined Weak Reference
    __Vectors_Size                           0x00000130   Number         0  startup_stm32f10x_hd.o ABSOLUTE
    __Vectors                                0x08000000   Data           4  startup_stm32f10x_hd.o(RESET)
    __Vectors_End                            0x08000130   Data           0  startup_stm32f10x_hd.o(RESET)
    __main                                   0x08000131   Thumb Code     0  entry.o(.ARM.Collect$$$$00000000)
    _main_stk                                0x08000131   Thumb Code     0  entry2.o(.ARM.Collect$$$$00000001)
    _main_scatterload                        0x08000135   Thumb Code     0  entry5.o(.ARM.Collect$$$$00000004)
    __main_after_scatterload                 0x08000139   Thumb Code     0  entry5.o(.ARM.Collect$$$$00000004)
    _main_clock                              0x08000139   Thumb Code     0  entry7b.o(.ARM.Collect$$$$00000008)
    _main_cpp_init                           0x08000139   Thumb Code     0  entry8b.o(.ARM.Collect$$$$0000000A)
    _main_init                               0x08000139   Thumb Code     0  entry9a.o(.ARM.Collect$$$$0000000B)
    __rt_final_cpp                           0x08000141   Thumb Code     0  entry10a.o(.ARM.Collect$$$$0000000D)
    __rt_final_exit                          0x08000141   Thumb Code     0  entry11a.o(.ARM.Collect$$$$0000000F)
    Hardware_Init                            0x08000145   Thumb Code    44  main.o(.text)
    main                                     0x08000171   Thumb Code    22  main.o(.text)
    NMI_Handler                              0x080001a1   Thumb Code     2  stm32f10x_it.o(.text)
    HardFault_Handler                        0x080001a3   Thumb Code     4  stm32f10x_it.o(.text)
    MemManage_Handler                        0x080001a7   Thumb Code     4  stm32f10x_it.o(.text)
    BusFault_Handler                         0x080001ab   Thumb Code     4  stm32f10x_it.o(.text)
    UsageFault_Handler                       0x080001af   Thumb Code     4  stm32f10x_it.o(.text)
    SVC_Handler                              0x080001b3   Thumb Code     2  stm32f10x_it.o(.text)
    DebugMon_Handler                         0x080001b5   Thumb Code     2  stm32f10x_it.o(.text)
    PendSV_Handler                           0x080001b7   Thumb Code     2  stm32f10x_it.o(.text)
    SysTick_Handler                          0x080001b9   Thumb Code     2  stm32f10x_it.o(.text)
    SystemInit                               0x0800029b   Thumb Code    78  system_stm32f10x.o(.text)
    SystemCoreClockUpdate                    0x080002e9   Thumb Code   142  system_stm32f10x.o(.text)
    BEEP_Init                                0x0800039d   Thumb Code    40  beep.o(.text)
    KEY_Init                                 0x080003c9   Thumb Code    52  key.o(.text)
    KEY_Scan                                 0x080003fd   Thumb Code    92  key.o(.text)
    delay_init                               0x08000465   Thumb Code    50  delay.o(.text)
    delay_us                                 0x08000497   Thumb Code    72  delay.o(.text)
    delay_ms                                 0x080004df   Thumb Code    72  delay.o(.text)
    Usart1_Init                              0x08000539   Thumb Code   166  usart.o(.text)
    Usart2_Init                              0x080005df   Thumb Code   162  usart.o(.text)
    Usart_SendString                         0x08000681   Thumb Code    50  usart.o(.text)
    UsartPrintf                              0x080006b3   Thumb Code    72  usart.o(.text)
    DEBUG_LOG                                0x080006fb   Thumb Code    86  usart.o(.text)
    USART1_IRQHandler                        0x08000751   Thumb Code    24  usart.o(.text)
    EXTIX_Init                               0x08000785   Thumb Code   144  exti.o(.text)
    EXTI0_IRQHandler                         0x08000815   Thumb Code    38  exti.o(.text)
    EXTI1_IRQHandler                         0x0800083b   Thumb Code    46  exti.o(.text)
    Reset_Handler                            0x08000879   Thumb Code     8  startup_stm32f10x_hd.o(.text)
    ADC1_2_IRQHandler                        0x08000893   Thumb Code     0  startup_stm32f10x_hd.o(.text)
    ADC3_IRQHandler                          0x08000893   Thumb Code     0  startup_stm32f10x_hd.o(.text)
    CAN1_RX1_IRQHandler                      0x08000893   Thumb Code     0  startup_stm32f10x_hd.o(.text)
    CAN1_SCE_IRQHandler                      0x08000893   Thumb Code     0  startup_stm32f10x_hd.o(.text)
    DMA1_Channel1_IRQHandler                 0x08000893   Thumb Code     0  startup_stm32f10x_hd.o(.text)
    DMA1_Channel2_IRQHandler                 0x08000893   Thumb Code     0  startup_stm32f10x_hd.o(.text)
    DMA1_Channel3_IRQHandler                 0x08000893   Thumb Code     0  startup_stm32f10x_hd.o(.text)
    DMA1_Channel4_IRQHandler                 0x08000893   Thumb Code     0  startup_stm32f10x_hd.o(.text)
    DMA1_Channel5_IRQHandler                 0x08000893   Thumb Code     0  startup_stm32f10x_hd.o(.text)
    DMA1_Channel6_IRQHandler                 0x08000893   Thumb Code     0  startup_stm32f10x_hd.o(.text)
    DMA1_Channel7_IRQHandler                 0x08000893   Thumb Code     0  startup_stm32f10x_hd.o(.text)
    DMA2_Channel1_IRQHandler                 0x08000893   Thumb Code     0  startup_stm32f10x_hd.o(.text)
    DMA2_Channel2_IRQHandler                 0x08000893   Thumb Code     0  startup_stm32f10x_hd.o(.text)
    DMA2_Channel3_IRQHandler                 0x08000893   Thumb Code     0  startup_stm32f10x_hd.o(.text)
    DMA2_Channel4_5_IRQHandler               0x08000893   Thumb Code     0  startup_stm32f10x_hd.o(.text)
    EXTI15_10_IRQHandler                     0x08000893   Thumb Code     0  startup_stm32f10x_hd.o(.text)
    EXTI2_IRQHandler                         0x08000893   Thumb Code     0  startup_stm32f10x_hd.o(.text)
    EXTI3_IRQHandler                         0x08000893   Thumb Code     0  startup_stm32f10x_hd.o(.text)
    EXTI4_IRQHandler                         0x08000893   Thumb Code     0  startup_stm32f10x_hd.o(.text)
    EXTI9_5_IRQHandler                       0x08000893   Thumb Code     0  startup_stm32f10x_hd.o(.text)
    FLASH_IRQHandler                         0x08000893   Thumb Code     0  startup_stm32f10x_hd.o(.text)
    FSMC_IRQHandler                          0x08000893   Thumb Code     0  startup_stm32f10x_hd.o(.text)
    I2C1_ER_IRQHandler                       0x08000893   Thumb Code     0  startup_stm32f10x_hd.o(.text)
    I2C1_EV_IRQHandler                       0x08000893   Thumb Code     0  startup_stm32f10x_hd.o(.text)
    I2C2_ER_IRQHandler                       0x08000893   Thumb Code     0  startup_stm32f10x_hd.o(.text)
    I2C2_EV_IRQHandler                       0x08000893   Thumb Code     0  startup_stm32f10x_hd.o(.text)
    PVD_IRQHandler                           0x08000893   Thumb Code     0  startup_stm32f10x_hd.o(.text)
    RCC_IRQHandler                           0x08000893   Thumb Code     0  startup_stm32f10x_hd.o(.text)
    RTCAlarm_IRQHandler                      0x08000893   Thumb Code     0  startup_stm32f10x_hd.o(.text)
    RTC_IRQHandler                           0x08000893   Thumb Code     0  startup_stm32f10x_hd.o(.text)
    SDIO_IRQHandler                          0x08000893   Thumb Code     0  startup_stm32f10x_hd.o(.text)
    SPI1_IRQHandler                          0x08000893   Thumb Code     0  startup_stm32f10x_hd.o(.text)
    SPI2_IRQHandler                          0x08000893   Thumb Code     0  startup_stm32f10x_hd.o(.text)
    SPI3_IRQHandler                          0x08000893   Thumb Code     0  startup_stm32f10x_hd.o(.text)
    TAMPER_IRQHandler                        0x08000893   Thumb Code     0  startup_stm32f10x_hd.o(.text)
    TIM1_BRK_IRQHandler                      0x08000893   Thumb Code     0  startup_stm32f10x_hd.o(.text)
    TIM1_CC_IRQHandler                       0x08000893   Thumb Code     0  startup_stm32f10x_hd.o(.text)
    TIM1_TRG_COM_IRQHandler                  0x08000893   Thumb Code     0  startup_stm32f10x_hd.o(.text)
    TIM1_UP_IRQHandler                       0x08000893   Thumb Code     0  startup_stm32f10x_hd.o(.text)
    TIM2_IRQHandler                          0x08000893   Thumb Code     0  startup_stm32f10x_hd.o(.text)
    TIM3_IRQHandler                          0x08000893   Thumb Code     0  startup_stm32f10x_hd.o(.text)
    TIM4_IRQHandler                          0x08000893   Thumb Code     0  startup_stm32f10x_hd.o(.text)
    TIM5_IRQHandler                          0x08000893   Thumb Code     0  startup_stm32f10x_hd.o(.text)
    TIM6_IRQHandler                          0x08000893   Thumb Code     0  startup_stm32f10x_hd.o(.text)
    TIM7_IRQHandler                          0x08000893   Thumb Code     0  startup_stm32f10x_hd.o(.text)
    TIM8_BRK_IRQHandler                      0x08000893   Thumb Code     0  startup_stm32f10x_hd.o(.text)
    TIM8_CC_IRQHandler                       0x08000893   Thumb Code     0  startup_stm32f10x_hd.o(.text)
    TIM8_TRG_COM_IRQHandler                  0x08000893   Thumb Code     0  startup_stm32f10x_hd.o(.text)
    TIM8_UP_IRQHandler                       0x08000893   Thumb Code     0  startup_stm32f10x_hd.o(.text)
    UART4_IRQHandler                         0x08000893   Thumb Code     0  startup_stm32f10x_hd.o(.text)
    UART5_IRQHandler                         0x08000893   Thumb Code     0  startup_stm32f10x_hd.o(.text)
    USART3_IRQHandler                        0x08000893   Thumb Code     0  startup_stm32f10x_hd.o(.text)
    USBWakeUp_IRQHandler                     0x08000893   Thumb Code     0  startup_stm32f10x_hd.o(.text)
    USB_HP_CAN1_TX_IRQHandler                0x08000893   Thumb Code     0  startup_stm32f10x_hd.o(.text)
    USB_LP_CAN1_RX0_IRQHandler               0x08000893   Thumb Code     0  startup_stm32f10x_hd.o(.text)
    WWDG_IRQHandler                          0x08000893   Thumb Code     0  startup_stm32f10x_hd.o(.text)
    GPIO_DeInit                              0x0800089d   Thumb Code   172  stm32f10x_gpio.o(.text)
    GPIO_AFIODeInit                          0x08000949   Thumb Code    20  stm32f10x_gpio.o(.text)
    GPIO_Init                                0x0800095d   Thumb Code   278  stm32f10x_gpio.o(.text)
    GPIO_StructInit                          0x08000a73   Thumb Code    16  stm32f10x_gpio.o(.text)
    GPIO_ReadInputDataBit                    0x08000a83   Thumb Code    18  stm32f10x_gpio.o(.text)
    GPIO_ReadInputData                       0x08000a95   Thumb Code     8  stm32f10x_gpio.o(.text)
    GPIO_ReadOutputDataBit                   0x08000a9d   Thumb Code    18  stm32f10x_gpio.o(.text)
    GPIO_ReadOutputData                      0x08000aaf   Thumb Code     8  stm32f10x_gpio.o(.text)
    GPIO_SetBits                             0x08000ab7   Thumb Code     4  stm32f10x_gpio.o(.text)
    GPIO_ResetBits                           0x08000abb   Thumb Code     4  stm32f10x_gpio.o(.text)
    GPIO_WriteBit                            0x08000abf   Thumb Code    10  stm32f10x_gpio.o(.text)
    GPIO_Write                               0x08000ac9   Thumb Code     4  stm32f10x_gpio.o(.text)
    GPIO_PinLockConfig                       0x08000acd   Thumb Code    18  stm32f10x_gpio.o(.text)
    GPIO_EventOutputConfig                   0x08000adf   Thumb Code    26  stm32f10x_gpio.o(.text)
    GPIO_EventOutputCmd                      0x08000af9   Thumb Code     6  stm32f10x_gpio.o(.text)
    GPIO_PinRemapConfig                      0x08000aff   Thumb Code   138  stm32f10x_gpio.o(.text)
    GPIO_EXTILineConfig                      0x08000b89   Thumb Code    66  stm32f10x_gpio.o(.text)
    GPIO_ETH_MediaInterfaceConfig            0x08000bcb   Thumb Code     8  stm32f10x_gpio.o(.text)
    RCC_DeInit                               0x08000bf9   Thumb Code    64  stm32f10x_rcc.o(.text)
    RCC_HSEConfig                            0x08000c39   Thumb Code    70  stm32f10x_rcc.o(.text)
    RCC_GetFlagStatus                        0x08000c7f   Thumb Code    56  stm32f10x_rcc.o(.text)
    RCC_WaitForHSEStartUp                    0x08000cb7   Thumb Code    56  stm32f10x_rcc.o(.text)
    RCC_AdjustHSICalibrationValue            0x08000cef   Thumb Code    20  stm32f10x_rcc.o(.text)
    RCC_HSICmd                               0x08000d03   Thumb Code     6  stm32f10x_rcc.o(.text)
    RCC_PLLConfig                            0x08000d09   Thumb Code    24  stm32f10x_rcc.o(.text)
    RCC_PLLCmd                               0x08000d21   Thumb Code     6  stm32f10x_rcc.o(.text)
    RCC_SYSCLKConfig                         0x08000d27   Thumb Code    18  stm32f10x_rcc.o(.text)
    RCC_GetSYSCLKSource                      0x08000d39   Thumb Code    10  stm32f10x_rcc.o(.text)
    RCC_HCLKConfig                           0x08000d43   Thumb Code    18  stm32f10x_rcc.o(.text)
    RCC_PCLK1Config                          0x08000d55   Thumb Code    18  stm32f10x_rcc.o(.text)
    RCC_PCLK2Config                          0x08000d67   Thumb Code    20  stm32f10x_rcc.o(.text)
    RCC_ITConfig                             0x08000d7b   Thumb Code    26  stm32f10x_rcc.o(.text)
    RCC_USBCLKConfig                         0x08000d95   Thumb Code     8  stm32f10x_rcc.o(.text)
    RCC_ADCCLKConfig                         0x08000d9d   Thumb Code    18  stm32f10x_rcc.o(.text)
    RCC_LSEConfig                            0x08000daf   Thumb Code    50  stm32f10x_rcc.o(.text)
    RCC_LSICmd                               0x08000de1   Thumb Code     6  stm32f10x_rcc.o(.text)
    RCC_RTCCLKConfig                         0x08000de7   Thumb Code    12  stm32f10x_rcc.o(.text)
    RCC_RTCCLKCmd                            0x08000df3   Thumb Code     8  stm32f10x_rcc.o(.text)
    RCC_GetClocksFreq                        0x08000dfb   Thumb Code   192  stm32f10x_rcc.o(.text)
    RCC_AHBPeriphClockCmd                    0x08000ebb   Thumb Code    26  stm32f10x_rcc.o(.text)
    RCC_APB2PeriphClockCmd                   0x08000ed5   Thumb Code    26  stm32f10x_rcc.o(.text)
    RCC_APB1PeriphClockCmd                   0x08000eef   Thumb Code    26  stm32f10x_rcc.o(.text)
    RCC_APB2PeriphResetCmd                   0x08000f09   Thumb Code    26  stm32f10x_rcc.o(.text)
    RCC_APB1PeriphResetCmd                   0x08000f23   Thumb Code    26  stm32f10x_rcc.o(.text)
    RCC_BackupResetCmd                       0x08000f3d   Thumb Code     8  stm32f10x_rcc.o(.text)
    RCC_ClockSecuritySystemCmd               0x08000f45   Thumb Code     6  stm32f10x_rcc.o(.text)
    RCC_MCOConfig                            0x08000f4b   Thumb Code     6  stm32f10x_rcc.o(.text)
    RCC_ClearFlag                            0x08000f51   Thumb Code    14  stm32f10x_rcc.o(.text)
    RCC_GetITStatus                          0x08000f5f   Thumb Code    20  stm32f10x_rcc.o(.text)
    RCC_ClearITPendingBit                    0x08000f73   Thumb Code     6  stm32f10x_rcc.o(.text)
    USART_DeInit                             0x08000f9d   Thumb Code   134  stm32f10x_usart.o(.text)
    USART_Init                               0x08001023   Thumb Code   210  stm32f10x_usart.o(.text)
    USART_StructInit                         0x080010f5   Thumb Code    24  stm32f10x_usart.o(.text)
    USART_ClockInit                          0x0800110d   Thumb Code    34  stm32f10x_usart.o(.text)
    USART_ClockStructInit                    0x0800112f   Thumb Code    12  stm32f10x_usart.o(.text)
    USART_Cmd                                0x0800113b   Thumb Code    24  stm32f10x_usart.o(.text)
    USART_ITConfig                           0x08001153   Thumb Code    74  stm32f10x_usart.o(.text)
    USART_DMACmd                             0x0800119d   Thumb Code    18  stm32f10x_usart.o(.text)
    USART_SetAddress                         0x080011af   Thumb Code    18  stm32f10x_usart.o(.text)
    USART_WakeUpConfig                       0x080011c1   Thumb Code    18  stm32f10x_usart.o(.text)
    USART_ReceiverWakeUpCmd                  0x080011d3   Thumb Code    24  stm32f10x_usart.o(.text)
    USART_LINBreakDetectLengthConfig         0x080011eb   Thumb Code    18  stm32f10x_usart.o(.text)
    USART_LINCmd                             0x080011fd   Thumb Code    24  stm32f10x_usart.o(.text)
    USART_SendData                           0x08001215   Thumb Code     8  stm32f10x_usart.o(.text)
    USART_ReceiveData                        0x0800121d   Thumb Code    10  stm32f10x_usart.o(.text)
    USART_SendBreak                          0x08001227   Thumb Code    10  stm32f10x_usart.o(.text)
    USART_SetGuardTime                       0x08001231   Thumb Code    16  stm32f10x_usart.o(.text)
    USART_SetPrescaler                       0x08001241   Thumb Code    16  stm32f10x_usart.o(.text)
    USART_SmartCardCmd                       0x08001251   Thumb Code    24  stm32f10x_usart.o(.text)
    USART_SmartCardNACKCmd                   0x08001269   Thumb Code    24  stm32f10x_usart.o(.text)
    USART_HalfDuplexCmd                      0x08001281   Thumb Code    24  stm32f10x_usart.o(.text)
    USART_OverSampling8Cmd                   0x08001299   Thumb Code    22  stm32f10x_usart.o(.text)
    USART_OneBitMethodCmd                    0x080012af   Thumb Code    24  stm32f10x_usart.o(.text)
    USART_IrDAConfig                         0x080012c7   Thumb Code    18  stm32f10x_usart.o(.text)
    USART_IrDACmd                            0x080012d9   Thumb Code    24  stm32f10x_usart.o(.text)
    USART_GetFlagStatus                      0x080012f1   Thumb Code    26  stm32f10x_usart.o(.text)
    USART_ClearFlag                          0x0800130b   Thumb Code    18  stm32f10x_usart.o(.text)
    USART_GetITStatus                        0x0800131d   Thumb Code    84  stm32f10x_usart.o(.text)
    USART_ClearITPendingBit                  0x08001371   Thumb Code    52  stm32f10x_usart.o(.text)
    NVIC_PriorityGroupConfig                 0x080013a5   Thumb Code    10  misc.o(.text)
    NVIC_Init                                0x080013af   Thumb Code   100  misc.o(.text)
    NVIC_SetVectorTable                      0x08001413   Thumb Code    14  misc.o(.text)
    NVIC_SystemLPConfig                      0x08001421   Thumb Code    34  misc.o(.text)
    SysTick_CLKSourceConfig                  0x08001443   Thumb Code    40  misc.o(.text)
    EXTI_DeInit                              0x08001481   Thumb Code    28  stm32f10x_exti.o(.text)
    EXTI_Init                                0x0800149d   Thumb Code   142  stm32f10x_exti.o(.text)
    EXTI_StructInit                          0x0800152b   Thumb Code    16  stm32f10x_exti.o(.text)
    EXTI_GenerateSWInterrupt                 0x0800153b   Thumb Code    16  stm32f10x_exti.o(.text)
    EXTI_GetFlagStatus                       0x0800154b   Thumb Code    22  stm32f10x_exti.o(.text)
    EXTI_ClearFlag                           0x08001561   Thumb Code     8  stm32f10x_exti.o(.text)
    EXTI_GetITStatus                         0x08001569   Thumb Code    34  stm32f10x_exti.o(.text)
    EXTI_ClearITPendingBit                   0x0800158b   Thumb Code     8  stm32f10x_exti.o(.text)
    ESP8266_Clear                            0x0800159d   Thumb Code    18  esp8266.o(.text)
    ESP8266_WaitRecive                       0x080015af   Thumb Code    42  esp8266.o(.text)
    ESP8266_SendCmd                          0x080015d9   Thumb Code    76  esp8266.o(.text)
    ESP8266_SendData                         0x08001625   Thumb Code    46  esp8266.o(.text)
    ESP8266_GetIPD                           0x08001653   Thumb Code    66  esp8266.o(.text)
    ESP8266_Init                             0x08001695   Thumb Code   204  esp8266.o(.text)
    USART2_IRQHandler                        0x08001761   Thumb Code    62  esp8266.o(.text)
    MQTT_NewBuffer                           0x0800196d   Thumb Code    88  mqttkit.o(.text)
    MQTT_DeleteBuffer                        0x080019c5   Thumb Code    28  mqttkit.o(.text)
    MQTT_DumpLength                          0x080019e1   Thumb Code    46  mqttkit.o(.text)
    MQTT_ReadLength                          0x08001a0f   Thumb Code    70  mqttkit.o(.text)
    MQTT_UnPacketRecv                        0x08001a55   Thumb Code   106  mqttkit.o(.text)
    MQTT_PacketConnect                       0x08001abf   Thumb Code   666  mqttkit.o(.text)
    MQTT_PacketDisConnect                    0x08001d59   Thumb Code    48  mqttkit.o(.text)
    MQTT_UnPacketConnectAck                  0x08001d89   Thumb Code    30  mqttkit.o(.text)
    MQTT_PacketPublish                       0x08001da7   Thumb Code   430  mqttkit.o(.text)
    MQTT_PacketSaveData                      0x08001f55   Thumb Code    88  mqttkit.o(.text)
    MQTT_PacketSaveBinData                   0x08001fad   Thumb Code   192  mqttkit.o(.text)
    MQTT_UnPacketCmd                         0x0800206d   Thumb Code   140  mqttkit.o(.text)
    MQTT_PacketCmdResp                       0x080020f9   Thumb Code   132  mqttkit.o(.text)
    MQTT_PacketSubscribe                     0x0800217d   Thumb Code   254  mqttkit.o(.text)
    MQTT_UnPacketSubscribe                   0x0800227b   Thumb Code    52  mqttkit.o(.text)
    MQTT_PacketUnSubscribe                   0x080022af   Thumb Code   266  mqttkit.o(.text)
    MQTT_UnPacketUnSubscribe                 0x080023b9   Thumb Code    18  mqttkit.o(.text)
    MQTT_UnPacketPublish                     0x080023cb   Thumb Code   440  mqttkit.o(.text)
    MQTT_PacketPublishAck                    0x08002583   Thumb Code    72  mqttkit.o(.text)
    MQTT_UnPacketPublishAck                  0x080025cb   Thumb Code    30  mqttkit.o(.text)
    MQTT_PacketPublishRec                    0x080025e9   Thumb Code    72  mqttkit.o(.text)
    MQTT_UnPacketPublishRec                  0x08002631   Thumb Code    30  mqttkit.o(.text)
    MQTT_PacketPublishRel                    0x0800264f   Thumb Code    72  mqttkit.o(.text)
    MQTT_UnPacketPublishRel                  0x08002697   Thumb Code    36  mqttkit.o(.text)
    MQTT_PacketPublishComp                   0x080026bb   Thumb Code    72  mqttkit.o(.text)
    MQTT_UnPacketPublishComp                 0x08002703   Thumb Code    30  mqttkit.o(.text)
    MQTT_PacketPing                          0x08002721   Thumb Code    48  mqttkit.o(.text)
    OneNet_DevLink                           0x08002751   Thumb Code   236  onenet.o(.text)
    OneNet_Subscribe                         0x0800283d   Thumb Code    78  onenet.o(.text)
    OneNet_Publish                           0x0800288b   Thumb Code    84  onenet.o(.text)
    OneNet_RevPro                            0x080028df   Thumb Code  1452  onenet.o(.text)
    cJSON_GetErrorPtr                        0x08002e8d   Thumb Code     6  cjson.o(.text)
    cJSON_InitHooks                          0x08002f07   Thumb Code    48  cjson.o(.text)
    cJSON_Delete                             0x08002f51   Thumb Code    82  cjson.o(.text)
    cJSON_ParseWithOpts                      0x08003abd   Thumb Code   152  cjson.o(.text)
    cJSON_Parse                              0x08003b55   Thumb Code    16  cjson.o(.text)
    cJSON_Print                              0x080042e5   Thumb Code    18  cjson.o(.text)
    cJSON_PrintUnformatted                   0x080042f7   Thumb Code    18  cjson.o(.text)
    cJSON_PrintBuffered                      0x08004309   Thumb Code    52  cjson.o(.text)
    cJSON_GetArraySize                       0x0800433d   Thumb Code    18  cjson.o(.text)
    cJSON_GetArrayItem                       0x0800434f   Thumb Code    18  cjson.o(.text)
    cJSON_GetObjectItem                      0x08004361   Thumb Code    30  cjson.o(.text)
    cJSON_AddItemToArray                     0x080043b5   Thumb Code    42  cjson.o(.text)
    cJSON_AddItemToObject                    0x080043df   Thumb Code    44  cjson.o(.text)
    cJSON_AddItemToObjectCS                  0x0800440b   Thumb Code    54  cjson.o(.text)
    cJSON_AddItemReferenceToArray            0x08004441   Thumb Code    24  cjson.o(.text)
    cJSON_AddItemReferenceToObject           0x08004459   Thumb Code    32  cjson.o(.text)
    cJSON_DetachItemFromArray                0x08004479   Thumb Code    66  cjson.o(.text)
    cJSON_DeleteItemFromArray                0x080044bb   Thumb Code    22  cjson.o(.text)
    cJSON_DetachItemFromObject               0x080044d1   Thumb Code    50  cjson.o(.text)
    cJSON_DeleteItemFromObject               0x08004503   Thumb Code    22  cjson.o(.text)
    cJSON_InsertItemInArray                  0x08004519   Thumb Code    64  cjson.o(.text)
    cJSON_ReplaceItemInArray                 0x08004559   Thumb Code    76  cjson.o(.text)
    cJSON_ReplaceItemInObject                0x080045a5   Thumb Code    62  cjson.o(.text)
    cJSON_CreateNull                         0x080045e3   Thumb Code    18  cjson.o(.text)
    cJSON_CreateTrue                         0x080045f5   Thumb Code    18  cjson.o(.text)
    cJSON_CreateFalse                        0x08004607   Thumb Code    18  cjson.o(.text)
    cJSON_CreateBool                         0x08004619   Thumb Code    26  cjson.o(.text)
    cJSON_CreateNumber                       0x08004633   Thumb Code    36  cjson.o(.text)
    cJSON_CreateString                       0x08004657   Thumb Code    28  cjson.o(.text)
    cJSON_CreateArray                        0x08004673   Thumb Code    18  cjson.o(.text)
    cJSON_CreateObject                       0x08004685   Thumb Code    18  cjson.o(.text)
    cJSON_CreateIntArray                     0x08004697   Thumb Code    68  cjson.o(.text)
    cJSON_CreateFloatArray                   0x080046db   Thumb Code    68  cjson.o(.text)
    cJSON_CreateDoubleArray                  0x0800471f   Thumb Code    68  cjson.o(.text)
    cJSON_CreateStringArray                  0x08004763   Thumb Code    62  cjson.o(.text)
    cJSON_Duplicate                          0x080047a1   Thumb Code   178  cjson.o(.text)
    cJSON_Minify                             0x08004853   Thumb Code   186  cjson.o(.text)
    tolower                                  0x0800490d   Thumb Code    12  tolower.o(.text)
    __aeabi_memcpy                           0x08004919   Thumb Code    36  memcpya.o(.text)
    __aeabi_memcpy4                          0x08004919   Thumb Code     0  memcpya.o(.text)
    __aeabi_memcpy8                          0x08004919   Thumb Code     0  memcpya.o(.text)
    __aeabi_memset                           0x0800493d   Thumb Code    14  memseta.o(.text)
    __aeabi_memset4                          0x0800493d   Thumb Code     0  memseta.o(.text)
    __aeabi_memset8                          0x0800493d   Thumb Code     0  memseta.o(.text)
    __aeabi_memclr                           0x0800494b   Thumb Code     4  memseta.o(.text)
    __aeabi_memclr4                          0x0800494b   Thumb Code     0  memseta.o(.text)
    __aeabi_memclr8                          0x0800494b   Thumb Code     0  memseta.o(.text)
    _memset$wrapper                          0x0800494f   Thumb Code    18  memseta.o(.text)
    strstr                                   0x08004961   Thumb Code    36  strstr.o(.text)
    strchr                                   0x08004985   Thumb Code    20  strchr.o(.text)
    strlen                                   0x08004999   Thumb Code    14  strlen.o(.text)
    strncat                                  0x080049a7   Thumb Code    40  strncat.o(.text)
    strcpy                                   0x080049cf   Thumb Code    18  strcpy.o(.text)
    strncmp                                  0x080049e1   Thumb Code    30  strncmp.o(.text)
    atoi                                     0x080049ff   Thumb Code    26  atoi.o(.text)
    __aeabi_dadd                             0x08004a19   Thumb Code   322  dadd.o(.text)
    __aeabi_dsub                             0x08004b5b   Thumb Code     6  dadd.o(.text)
    __aeabi_drsub                            0x08004b61   Thumb Code     6  dadd.o(.text)
    __aeabi_dmul                             0x08004b67   Thumb Code   228  dmul.o(.text)
    __aeabi_i2d                              0x08004c4b   Thumb Code    34  dflti.o(.text)
    __aeabi_d2iz                             0x08004c6d   Thumb Code    62  dfixi.o(.text)
    __aeabi_f2d                              0x08004cab   Thumb Code    38  f2d.o(.text)
    __aeabi_cdcmpeq                          0x08004cd1   Thumb Code     0  cdcmple.o(.text)
    __aeabi_cdcmple                          0x08004cd1   Thumb Code    48  cdcmple.o(.text)
    __aeabi_cdrcmple                         0x08004d01   Thumb Code    48  cdrcmple.o(.text)
    __aeabi_uidiv                            0x08004d31   Thumb Code     0  uidiv.o(.text)
    __aeabi_uidivmod                         0x08004d31   Thumb Code    44  uidiv.o(.text)
    __aeabi_uldivmod                         0x08004d5d   Thumb Code    98  uldiv.o(.text)
    __aeabi_llsl                             0x08004dbf   Thumb Code    30  llshl.o(.text)
    _ll_shift_l                              0x08004dbf   Thumb Code     0  llshl.o(.text)
    __aeabi_llsr                             0x08004ddd   Thumb Code    32  llushr.o(.text)
    _ll_ushift_r                             0x08004ddd   Thumb Code     0  llushr.o(.text)
    __aeabi_lasr                             0x08004dfd   Thumb Code    36  llsshr.o(.text)
    _ll_sshift_r                             0x08004dfd   Thumb Code     0  llsshr.o(.text)
    strtol                                   0x08004e21   Thumb Code   112  strtol.o(.text)
    __I$use$fp                               0x08004e91   Thumb Code     0  iusefp.o(.text)
    _double_round                            0x08004e91   Thumb Code    30  depilogue.o(.text)
    _double_epilogue                         0x08004eaf   Thumb Code   156  depilogue.o(.text)
    __aeabi_ddiv                             0x08004f4b   Thumb Code   222  ddiv.o(.text)
    __ARM_scalbn                             0x08005029   Thumb Code    46  dscalb.o(.text)
    scalbn                                   0x08005029   Thumb Code     0  dscalb.o(.text)
    __aeabi_d2ulz                            0x08005057   Thumb Code    48  dfixul.o(.text)
    __scatterload                            0x08005089   Thumb Code    28  init.o(.text)
    __scatterload_rt2                        0x08005089   Thumb Code     0  init.o(.text)
    __rt_ctype_table                         0x080050ad   Thumb Code     4  ctype_o.o(.text)
    _strtoul                                 0x080050b5   Thumb Code   158  _strtoul.o(.text)
    _dsqrt                                   0x08005153   Thumb Code   162  dsqrt.o(.text)
    _chval                                   0x080051f5   Thumb Code    28  _chval.o(.text)
    __0sprintf                               0x08005211   Thumb Code    34  printfa.o(i.__0sprintf)
    __1sprintf                               0x08005211   Thumb Code     0  printfa.o(i.__0sprintf)
    __2sprintf                               0x08005211   Thumb Code     0  printfa.o(i.__0sprintf)
    __c89sprintf                             0x08005211   Thumb Code     0  printfa.o(i.__0sprintf)
    sprintf                                  0x08005211   Thumb Code     0  printfa.o(i.__0sprintf)
    __0vsnprintf                             0x08005239   Thumb Code    40  printfa.o(i.__0vsnprintf)
    __1vsnprintf                             0x08005239   Thumb Code     0  printfa.o(i.__0vsnprintf)
    __2vsnprintf                             0x08005239   Thumb Code     0  printfa.o(i.__0vsnprintf)
    __c89vsnprintf                           0x08005239   Thumb Code     0  printfa.o(i.__0vsnprintf)
    vsnprintf                                0x08005239   Thumb Code     0  printfa.o(i.__0vsnprintf)
    __ARM_fpclassify                         0x08005265   Thumb Code    40  fpclassify.o(i.__ARM_fpclassify)
    __aeabi_errno_addr                       0x0800528d   Thumb Code     4  errno.o(i.__aeabi_errno_addr)
    __rt_errno_addr                          0x0800528d   Thumb Code     0  errno.o(i.__aeabi_errno_addr)
    __kernel_poly                            0x08005295   Thumb Code   170  poly.o(i.__kernel_poly)
    __mathlib_dbl_divzero                    0x08005341   Thumb Code    12  dunder.o(i.__mathlib_dbl_divzero)
    __mathlib_dbl_infnan2                    0x08005351   Thumb Code     4  dunder.o(i.__mathlib_dbl_infnan2)
    __mathlib_dbl_invalid                    0x08005355   Thumb Code    12  dunder.o(i.__mathlib_dbl_invalid)
    __mathlib_dbl_overflow                   0x08005361   Thumb Code    14  dunder.o(i.__mathlib_dbl_overflow)
    __mathlib_dbl_underflow                  0x08005371   Thumb Code    10  dunder.o(i.__mathlib_dbl_underflow)
    __scatterload_copy                       0x08005381   Thumb Code    14  handlers.o(i.__scatterload_copy)
    __scatterload_null                       0x0800538f   Thumb Code     2  handlers.o(i.__scatterload_null)
    __scatterload_zeroinit                   0x08005391   Thumb Code    14  handlers.o(i.__scatterload_zeroinit)
    __set_errno                              0x080053a1   Thumb Code     6  errno.o(i.__set_errno)
    floor                                    0x08005c81   Thumb Code   204  floor.o(i.floor)
    free                                     0x08005d5d   Thumb Code    76  malloc.o(i.free)
    malloc                                   0x08005dad   Thumb Code    92  malloc.o(i.malloc)
    pow                                      0x08005e19   Thumb Code  2512  pow.o(i.pow)
    sqrt                                     0x080067f1   Thumb Code    76  sqrt.o(i.sqrt)
    __mathlib_zero                           0x080068d0   Data           8  qnan.o(.constdata)
    __ctype_table                            0x080068d8   Data         129  ctype_o.o(.constdata)
    Region$$Table$$Base                      0x08006960   Number         0  anon$$obj.o(Region$$Table)
    Region$$Table$$Limit                     0x08006980   Number         0  anon$$obj.o(Region$$Table)
    SystemCoreClock                          0x20000000   Data           4  system_stm32f10x.o(.data)
    AHBPrescTable                            0x20000004   Data          16  system_stm32f10x.o(.data)
    alarmFlag                                0x2000001a   Data           1  exti.o(.data)
    alarm_is_free                            0x2000001b   Data           1  exti.o(.data)
    esp8266_cnt                              0x20000030   Data           2  esp8266.o(.data)
    esp8266_cntPre                           0x20000032   Data           2  esp8266.o(.data)
    ESP8266_INIT_OK                          0x20000034   Data           1  esp8266.o(.data)
    __microlib_freelist                      0x20000044   Data           4  mvars.o(.data)
    __microlib_freelist_initialised          0x20000048   Data           4  mvars.o(.data)
    esp8266_buf                              0x20000050   Data         128  esp8266.o(.bss)
    __heap_base                              0x200000d0   Data           0  startup_stm32f10x_hd.o(HEAP)
    __heap_limit                             0x200002d0   Data           0  startup_stm32f10x_hd.o(HEAP)
    __initial_sp                             0x200006d0   Data           0  startup_stm32f10x_hd.o(STACK)



==============================================================================

Memory Map of the image

  Image Entry point : 0x08000131

  Load Region LR_IROM1 (Base: 0x08000000, Size: 0x000069d0, Max: 0x00080000, ABSOLUTE)

    Execution Region ER_IROM1 (Exec base: 0x08000000, Load base: 0x08000000, Size: 0x00006980, Max: 0x00080000, ABSOLUTE)

    Exec Addr    Load Addr    Size         Type   Attr      Idx    E Section Name        Object

    0x08000000   0x08000000   0x00000130   Data   RO          347    RESET               startup_stm32f10x_hd.o
    0x08000130   0x08000130   0x00000000   Code   RO          543  * .ARM.Collect$$$$00000000  mc_w.l(entry.o)
    0x08000130   0x08000130   0x00000004   Code   RO          904    .ARM.Collect$$$$00000001  mc_w.l(entry2.o)
    0x08000134   0x08000134   0x00000004   Code   RO          907    .ARM.Collect$$$$00000004  mc_w.l(entry5.o)
    0x08000138   0x08000138   0x00000000   Code   RO          909    .ARM.Collect$$$$00000008  mc_w.l(entry7b.o)
    0x08000138   0x08000138   0x00000000   Code   RO          911    .ARM.Collect$$$$0000000A  mc_w.l(entry8b.o)
    0x08000138   0x08000138   0x00000008   Code   RO          912    .ARM.Collect$$$$0000000B  mc_w.l(entry9a.o)
    0x08000140   0x08000140   0x00000000   Code   RO          914    .ARM.Collect$$$$0000000D  mc_w.l(entry10a.o)
    0x08000140   0x08000140   0x00000000   Code   RO          916    .ARM.Collect$$$$0000000F  mc_w.l(entry11a.o)
    0x08000140   0x08000140   0x00000004   Code   RO          905    .ARM.Collect$$$$00002712  mc_w.l(entry2.o)
    0x08000144   0x08000144   0x0000005c   Code   RO            1    .text               main.o
    0x080001a0   0x080001a0   0x0000001a   Code   RO          147    .text               stm32f10x_it.o
    0x080001ba   0x080001ba   0x00000002   PAD
    0x080001bc   0x080001bc   0x000001e0   Code   RO          188    .text               system_stm32f10x.o
    0x0800039c   0x0800039c   0x0000002c   Code   RO          218    .text               beep.o
    0x080003c8   0x080003c8   0x0000009c   Code   RO          254    .text               key.o
    0x08000464   0x08000464   0x000000d4   Code   RO          267    .text               delay.o
    0x08000538   0x08000538   0x0000024c   Code   RO          298    .text               usart.o
    0x08000784   0x08000784   0x000000f4   Code   RO          320    .text               exti.o
    0x08000878   0x08000878   0x00000024   Code   RO          348    .text               startup_stm32f10x_hd.o
    0x0800089c   0x0800089c   0x0000035c   Code   RO          352    .text               stm32f10x_gpio.o
    0x08000bf8   0x08000bf8   0x000003a4   Code   RO          364    .text               stm32f10x_rcc.o
    0x08000f9c   0x08000f9c   0x00000408   Code   RO          378    .text               stm32f10x_usart.o
    0x080013a4   0x080013a4   0x000000dc   Code   RO          390    .text               misc.o
    0x08001480   0x08001480   0x0000011c   Code   RO          414    .text               stm32f10x_exti.o
    0x0800159c   0x0800159c   0x000003d0   Code   RO          426    .text               esp8266.o
    0x0800196c   0x0800196c   0x00000de4   Code   RO          446    .text               mqttkit.o
    0x08002750   0x08002750   0x0000073a   Code   RO          474    .text               onenet.o
    0x08002e8a   0x08002e8a   0x00000002   PAD
    0x08002e8c   0x08002e8c   0x00001a80   Code   RO          494    .text               cjson.o
    0x0800490c   0x0800490c   0x0000000c   Code   RO          546    .text               mc_w.l(tolower.o)
    0x08004918   0x08004918   0x00000024   Code   RO          548    .text               mc_w.l(memcpya.o)
    0x0800493c   0x0800493c   0x00000024   Code   RO          550    .text               mc_w.l(memseta.o)
    0x08004960   0x08004960   0x00000024   Code   RO          552    .text               mc_w.l(strstr.o)
    0x08004984   0x08004984   0x00000014   Code   RO          554    .text               mc_w.l(strchr.o)
    0x08004998   0x08004998   0x0000000e   Code   RO          556    .text               mc_w.l(strlen.o)
    0x080049a6   0x080049a6   0x00000028   Code   RO          558    .text               mc_w.l(strncat.o)
    0x080049ce   0x080049ce   0x00000012   Code   RO          560    .text               mc_w.l(strcpy.o)
    0x080049e0   0x080049e0   0x0000001e   Code   RO          562    .text               mc_w.l(strncmp.o)
    0x080049fe   0x080049fe   0x0000001a   Code   RO          855    .text               mc_w.l(atoi.o)
    0x08004a18   0x08004a18   0x0000014e   Code   RO          861    .text               mf_w.l(dadd.o)
    0x08004b66   0x08004b66   0x000000e4   Code   RO          863    .text               mf_w.l(dmul.o)
    0x08004c4a   0x08004c4a   0x00000022   Code   RO          867    .text               mf_w.l(dflti.o)
    0x08004c6c   0x08004c6c   0x0000003e   Code   RO          869    .text               mf_w.l(dfixi.o)
    0x08004caa   0x08004caa   0x00000026   Code   RO          871    .text               mf_w.l(f2d.o)
    0x08004cd0   0x08004cd0   0x00000030   Code   RO          873    .text               mf_w.l(cdcmple.o)
    0x08004d00   0x08004d00   0x00000030   Code   RO          875    .text               mf_w.l(cdrcmple.o)
    0x08004d30   0x08004d30   0x0000002c   Code   RO          921    .text               mc_w.l(uidiv.o)
    0x08004d5c   0x08004d5c   0x00000062   Code   RO          923    .text               mc_w.l(uldiv.o)
    0x08004dbe   0x08004dbe   0x0000001e   Code   RO          925    .text               mc_w.l(llshl.o)
    0x08004ddc   0x08004ddc   0x00000020   Code   RO          927    .text               mc_w.l(llushr.o)
    0x08004dfc   0x08004dfc   0x00000024   Code   RO          929    .text               mc_w.l(llsshr.o)
    0x08004e20   0x08004e20   0x00000070   Code   RO          940    .text               mc_w.l(strtol.o)
    0x08004e90   0x08004e90   0x00000000   Code   RO          942    .text               mc_w.l(iusefp.o)
    0x08004e90   0x08004e90   0x000000ba   Code   RO          945    .text               mf_w.l(depilogue.o)
    0x08004f4a   0x08004f4a   0x000000de   Code   RO          947    .text               mf_w.l(ddiv.o)
    0x08005028   0x08005028   0x0000002e   Code   RO          949    .text               mf_w.l(dscalb.o)
    0x08005056   0x08005056   0x00000030   Code   RO          951    .text               mf_w.l(dfixul.o)
    0x08005086   0x08005086   0x00000002   PAD
    0x08005088   0x08005088   0x00000024   Code   RO          953    .text               mc_w.l(init.o)
    0x080050ac   0x080050ac   0x00000008   Code   RO          956    .text               mc_w.l(ctype_o.o)
    0x080050b4   0x080050b4   0x0000009e   Code   RO          984    .text               mc_w.l(_strtoul.o)
    0x08005152   0x08005152   0x000000a2   Code   RO          987    .text               mf_w.l(dsqrt.o)
    0x080051f4   0x080051f4   0x0000001c   Code   RO          989    .text               mc_w.l(_chval.o)
    0x08005210   0x08005210   0x00000028   Code   RO          801    i.__0sprintf        mc_w.l(printfa.o)
    0x08005238   0x08005238   0x0000002c   Code   RO          804    i.__0vsnprintf      mc_w.l(printfa.o)
    0x08005264   0x08005264   0x00000028   Code   RO          891    i.__ARM_fpclassify  m_ws.l(fpclassify.o)
    0x0800528c   0x0800528c   0x00000008   Code   RO          933    i.__aeabi_errno_addr  mc_w.l(errno.o)
    0x08005294   0x08005294   0x000000aa   Code   RO          893    i.__kernel_poly     m_ws.l(poly.o)
    0x0800533e   0x0800533e   0x00000002   PAD
    0x08005340   0x08005340   0x00000010   Code   RO          877    i.__mathlib_dbl_divzero  m_ws.l(dunder.o)
    0x08005350   0x08005350   0x00000004   Code   RO          879    i.__mathlib_dbl_infnan2  m_ws.l(dunder.o)
    0x08005354   0x08005354   0x0000000c   Code   RO          880    i.__mathlib_dbl_invalid  m_ws.l(dunder.o)
    0x08005360   0x08005360   0x0000000e   Code   RO          881    i.__mathlib_dbl_overflow  m_ws.l(dunder.o)
    0x0800536e   0x0800536e   0x00000002   PAD
    0x08005370   0x08005370   0x00000010   Code   RO          883    i.__mathlib_dbl_underflow  m_ws.l(dunder.o)
    0x08005380   0x08005380   0x0000000e   Code   RO          993    i.__scatterload_copy  mc_w.l(handlers.o)
    0x0800538e   0x0800538e   0x00000002   Code   RO          994    i.__scatterload_null  mc_w.l(handlers.o)
    0x08005390   0x08005390   0x0000000e   Code   RO          995    i.__scatterload_zeroinit  mc_w.l(handlers.o)
    0x0800539e   0x0800539e   0x00000002   PAD
    0x080053a0   0x080053a0   0x0000000c   Code   RO          935    i.__set_errno       mc_w.l(errno.o)
    0x080053ac   0x080053ac   0x00000184   Code   RO          806    i._fp_digits        mc_w.l(printfa.o)
    0x08005530   0x08005530   0x000006dc   Code   RO          807    i._printf_core      mc_w.l(printfa.o)
    0x08005c0c   0x08005c0c   0x00000024   Code   RO          808    i._printf_post_padding  mc_w.l(printfa.o)
    0x08005c30   0x08005c30   0x0000002e   Code   RO          809    i._printf_pre_padding  mc_w.l(printfa.o)
    0x08005c5e   0x08005c5e   0x00000016   Code   RO          810    i._snputc           mc_w.l(printfa.o)
    0x08005c74   0x08005c74   0x0000000a   Code   RO          811    i._sputc            mc_w.l(printfa.o)
    0x08005c7e   0x08005c7e   0x00000002   PAD
    0x08005c80   0x08005c80   0x000000dc   Code   RO          530    i.floor             m_ws.l(floor.o)
    0x08005d5c   0x08005d5c   0x00000050   Code   RO          827    i.free              mc_w.l(malloc.o)
    0x08005dac   0x08005dac   0x0000006c   Code   RO          828    i.malloc            mc_w.l(malloc.o)
    0x08005e18   0x08005e18   0x000009d8   Code   RO          534    i.pow               m_ws.l(pow.o)
    0x080067f0   0x080067f0   0x0000004c   Code   RO          897    i.sqrt              m_ws.l(sqrt.o)
    0x0800683c   0x0800683c   0x00000007   Data   RO          495    .constdata          cjson.o
    0x08006843   0x08006843   0x00000005   PAD
    0x08006848   0x08006848   0x00000088   Data   RO          535    .constdata          m_ws.l(pow.o)
    0x080068d0   0x080068d0   0x00000008   Data   RO          895    .constdata          m_ws.l(qnan.o)
    0x080068d8   0x080068d8   0x00000081   Data   RO          957    .constdata          mc_w.l(ctype_o.o)
    0x08006959   0x08006959   0x00000003   PAD
    0x0800695c   0x0800695c   0x00000004   Data   RO          958    .constdata          mc_w.l(ctype_o.o)
    0x08006960   0x08006960   0x00000020   Data   RO          991    Region$$Table       anon$$obj.o


    Execution Region RW_IRAM1 (Exec base: 0x20000000, Load base: 0x08006980, Size: 0x000006d0, Max: 0x00010000, ABSOLUTE)

    Exec Addr    Load Addr    Size         Type   Attr      Idx    E Section Name        Object

    0x20000000   0x08006980   0x00000014   Data   RW          189    .data               system_stm32f10x.o
    0x20000014   0x08006994   0x00000001   Data   RW          255    .data               key.o
    0x20000015   0x08006995   0x00000001   PAD
    0x20000016   0x08006996   0x00000004   Data   RW          268    .data               delay.o
    0x2000001a   0x0800699a   0x00000002   Data   RW          321    .data               exti.o
    0x2000001c   0x0800699c   0x00000014   Data   RW          365    .data               stm32f10x_rcc.o
    0x20000030   0x080069b0   0x00000005   Data   RW          428    .data               esp8266.o
    0x20000035   0x080069b5   0x00000001   PAD
    0x20000036   0x080069b6   0x00000002   Data   RW          475    .data               onenet.o
    0x20000038   0x080069b8   0x0000000c   Data   RW          496    .data               cjson.o
    0x20000044   0x080069c4   0x00000004   Data   RW          931    .data               mc_w.l(mvars.o)
    0x20000048   0x080069c8   0x00000004   Data   RW          932    .data               mc_w.l(mvars.o)
    0x2000004c   0x080069cc   0x00000004   Data   RW          936    .data               mc_w.l(errno.o)
    0x20000050        -       0x00000080   Zero   RW          427    .bss                esp8266.o
    0x200000d0        -       0x00000200   Zero   RW          346    HEAP                startup_stm32f10x_hd.o
    0x200002d0        -       0x00000400   Zero   RW          345    STACK               startup_stm32f10x_hd.o


==============================================================================

Image component sizes


      Code (inc. data)   RO Data    RW Data    ZI Data      Debug   Object Name

        44          4          0          0          0        480   beep.o
      6784        208          7         12          0      24248   cjson.o
       212         18          0          4          0       1035   delay.o
       976        462          0          5        128       3251   esp8266.o
       244         16          0          2          0       1141   exti.o
       156         12          0          1          0        788   key.o
        92         26          0          0          0     235281   main.o
       220         22          0          0          0       1793   misc.o
      3556         40          0          0          0      15195   mqttkit.o
      1850        884          0          2          0       6209   onenet.o
        36          8        304          0       1536        784   startup_stm32f10x_hd.o
       284         10          0          0          0       2247   stm32f10x_exti.o
       860         38          0          0          0       5725   stm32f10x_gpio.o
        26          0          0          0          0       1174   stm32f10x_it.o
       932         36          0         20          0       8896   stm32f10x_rcc.o
      1032         22          0          0          0       8448   stm32f10x_usart.o
         0          0          0          0          0         32   sys.o
       480         38          0         20          0       1727   system_stm32f10x.o
       588         28          0          0          0       3687   usart.o

    ----------------------------------------------------------------------
     18376       1872        348         68       1664     322141   Object Totals
         0          0         32          0          0          0   (incl. Generated)
         4          0          5          2          0          0   (incl. Padding)

    ----------------------------------------------------------------------

      Code (inc. data)   RO Data    RW Data    ZI Data      Debug   Library Member Name

        62         10          0          0          0        340   dunder.o
       220         16          0          0          0         84   floor.o
        40          0          0          0          0         68   fpclassify.o
       170          0          0          0          0         96   poly.o
      2520        190        136          0          0        324   pow.o
         0          0          8          0          0          0   qnan.o
        76          0          0          0          0         84   sqrt.o
        28          0          0          0          0         68   _chval.o
       158          0          0          0          0         92   _strtoul.o
        26          0          0          0          0         80   atoi.o
         8          4        133          0          0         68   ctype_o.o
         0          0          0          0          0          0   entry.o
         0          0          0          0          0          0   entry10a.o
         0          0          0          0          0          0   entry11a.o
         8          4          0          0          0          0   entry2.o
         4          0          0          0          0          0   entry5.o
         0          0          0          0          0          0   entry7b.o
         0          0          0          0          0          0   entry8b.o
         8          4          0          0          0          0   entry9a.o
        20         10          0          4          0        136   errno.o
        30          0          0          0          0          0   handlers.o
        36          8          0          0          0         68   init.o
         0          0          0          0          0          0   iusefp.o
        30          0          0          0          0         68   llshl.o
        36          0          0          0          0         68   llsshr.o
        32          0          0          0          0         68   llushr.o
       188         20          0          0          0        160   malloc.o
        36          0          0          0          0         68   memcpya.o
        36          0          0          0          0        108   memseta.o
         0          0          0          8          0          0   mvars.o
      2342         90          0          0          0        668   printfa.o
        20          0          0          0          0         68   strchr.o
        18          0          0          0          0         68   strcpy.o
        14          0          0          0          0         68   strlen.o
        40          0          0          0          0         76   strncat.o
        30          0          0          0          0         80   strncmp.o
        36          0          0          0          0         80   strstr.o
       112          0          0          0          0         88   strtol.o
        12          0          0          0          0         68   tolower.o
        44          0          0          0          0         80   uidiv.o
        98          0          0          0          0         92   uldiv.o
        48          0          0          0          0         68   cdcmple.o
        48          0          0          0          0         68   cdrcmple.o
       334          0          0          0          0        148   dadd.o
       222          0          0          0          0        100   ddiv.o
       186          0          0          0          0        176   depilogue.o
        62          0          0          0          0         80   dfixi.o
        48          0          0          0          0         68   dfixul.o
        34          0          0          0          0         76   dflti.o
       228          0          0          0          0         96   dmul.o
        46          0          0          0          0         80   dscalb.o
       162          0          0          0          0        100   dsqrt.o
        38          0          0          0          0         68   f2d.o

    ----------------------------------------------------------------------
      8004        356        280         12          0       4612   Library Totals
        10          0          3          0          0          0   (incl. Padding)

    ----------------------------------------------------------------------

      Code (inc. data)   RO Data    RW Data    ZI Data      Debug   Library Name

      3088        216        144          0          0        996   m_ws.l
      3450        140        133         12          0       2488   mc_w.l
      1456          0          0          0          0       1128   mf_w.l

    ----------------------------------------------------------------------
      8004        356        280         12          0       4612   Library Totals

    ----------------------------------------------------------------------

==============================================================================


      Code (inc. data)   RO Data    RW Data    ZI Data      Debug   

     26380       2228        628         80       1664     322901   Grand Totals
     26380       2228        628         80       1664     322901   ELF Image Totals
     26380       2228        628         80          0          0   ROM Totals

==============================================================================

    Total RO  Size (Code + RO Data)                27008 (  26.38kB)
    Total RW  Size (RW Data + ZI Data)              1744 (   1.70kB)
    Total ROM Size (Code + RO Data + RW Data)      27088 (  26.45kB)

==============================================================================

